Component: ARM Compiler 6.16 Tool: armlink [5dfeaa00]

==============================================================================

Section Cross References

    main.o(.ARM.exidx.text.abs16) refers to main.o(.text.abs16) for [Anonymous Symbol]
    main.o(.ARM.exidx.text.nop) refers to main.o(.text.nop) for [Anonymous Symbol]
    main.o(.text.nop_ms) refers to main.o(.text.nop) for nop
    main.o(.ARM.exidx.text.nop_ms) refers to main.o(.text.nop_ms) for [Anonymous Symbol]
    main.o(.text.init_clocks) refers to main.o(.bss.core_MHz) for core_MHz
    main.o(.ARM.exidx.text.init_clocks) refers to main.o(.text.init_clocks) for [Anonymous Symbol]
    main.o(.ARM.exidx.text.gpio_high) refers to main.o(.text.gpio_high) for [Anonymous Symbol]
    main.o(.ARM.exidx.text.gpio_low) refers to main.o(.text.gpio_low) for [Anonymous Symbol]
    main.o(.text.gpio_set) refers to main.o(.text.gpio_high) for gpio_high
    main.o(.text.gpio_set) refers to main.o(.text.gpio_low) for gpio_low
    main.o(.ARM.exidx.text.gpio_set) refers to main.o(.text.gpio_set) for [Anonymous Symbol]
    main.o(.ARM.exidx.text.gpio_read) refers to main.o(.text.gpio_read) for [Anonymous Symbol]
    main.o(.ARM.exidx.text.gpio_mode) refers to main.o(.text.gpio_mode) for [Anonymous Symbol]
    main.o(.text.gpio_af) refers to main.o(.text.gpio_low) for gpio_low
    main.o(.ARM.exidx.text.gpio_af) refers to main.o(.text.gpio_af) for [Anonymous Symbol]
    main.o(.text.init_gpio) refers to main.o(.text.gpio_mode) for gpio_mode
    main.o(.ARM.exidx.text.init_gpio) refers to main.o(.text.init_gpio) for [Anonymous Symbol]
    main.o(.text.SysTick_Handler) refers to main.o(.bss.systick_time) for systick_time
    main.o(.ARM.exidx.text.SysTick_Handler) refers to main.o(.text.SysTick_Handler) for [Anonymous Symbol]
    main.o(.text.delay_ms) refers to main.o(.bss.systick_time) for systick_time
    main.o(.ARM.exidx.text.delay_ms) refers to main.o(.text.delay_ms) for [Anonymous Symbol]
    main.o(.text.init_nvic) refers to main.o(.bss.core_MHz) for core_MHz
    main.o(.ARM.exidx.text.init_nvic) refers to main.o(.text.init_nvic) for [Anonymous Symbol]
    main.o(.text.init_lpuart) refers to main.o(.text.gpio_af) for gpio_af
    main.o(.ARM.exidx.text.init_lpuart) refers to main.o(.text.init_lpuart) for [Anonymous Symbol]
    main.o(.ARM.exidx.text.uart_tx_char) refers to main.o(.text.uart_tx_char) for [Anonymous Symbol]
    main.o(.ARM.exidx.text.uart_tx_long) refers to main.o(.text.uart_tx_long) for [Anonymous Symbol]
    main.o(.text.init_softuart) refers to main.o(.text.gpio_set) for gpio_set
    main.o(.text.init_softuart) refers to main.o(.text.gpio_mode) for gpio_mode
    main.o(.ARM.exidx.text.init_softuart) refers to main.o(.text.init_softuart) for [Anonymous Symbol]
    main.o(.ARM.exidx.text.softuart_tx_char) refers to main.o(.text.softuart_tx_char) for [Anonymous Symbol]
    main.o(.text.init_spi_master) refers to main.o(.text.gpio_af) for gpio_af
    main.o(.text.init_spi_master) refers to main.o(.text.gpio_set) for gpio_set
    main.o(.text.init_spi_master) refers to main.o(.text.gpio_mode) for gpio_mode
    main.o(.ARM.exidx.text.init_spi_master) refers to main.o(.text.init_spi_master) for [Anonymous Symbol]
    main.o(.ARM.exidx.text.spi_block_while_busy) refers to main.o(.text.spi_block_while_busy) for [Anonymous Symbol]
    main.o(.ARM.exidx.text.spi_tx8) refers to main.o(.text.spi_tx8) for [Anonymous Symbol]
    main.o(.ARM.exidx.text.spi_rx8) refers to main.o(.text.spi_rx8) for [Anonymous Symbol]
    main.o(.ARM.exidx.text.spi_tx8x2) refers to main.o(.text.spi_tx8x2) for [Anonymous Symbol]
    main.o(.ARM.exidx.text.spi_tx8_long) refers to main.o(.text.spi_tx8_long) for [Anonymous Symbol]
    main.o(.ARM.exidx.text.spi_txrx8_long) refers to main.o(.text.spi_txrx8_long) for [Anonymous Symbol]
    main.o(.ARM.exidx.text.softi2c_line_mode) refers to main.o(.text.softi2c_line_mode) for [Anonymous Symbol]
    main.o(.text.init_softi2c) refers to main.o(.text.softi2c_line_mode) for softi2c_line_mode
    main.o(.ARM.exidx.text.init_softi2c) refers to main.o(.text.init_softi2c) for [Anonymous Symbol]
    main.o(.text.softi2c_delay) refers to main.o(.text.nop) for nop
    main.o(.ARM.exidx.text.softi2c_delay) refers to main.o(.text.softi2c_delay) for [Anonymous Symbol]
    main.o(.text.softi2c_sig_start) refers to main.o(.text.softi2c_line_mode) for softi2c_line_mode
    main.o(.text.softi2c_sig_start) refers to main.o(.text.softi2c_delay) for softi2c_delay
    main.o(.ARM.exidx.text.softi2c_sig_start) refers to main.o(.text.softi2c_sig_start) for [Anonymous Symbol]
    main.o(.text.softi2c_sig_repeated_start) refers to main.o(.text.softi2c_line_mode) for softi2c_line_mode
    main.o(.text.softi2c_sig_repeated_start) refers to main.o(.text.softi2c_delay) for softi2c_delay
    main.o(.ARM.exidx.text.softi2c_sig_repeated_start) refers to main.o(.text.softi2c_sig_repeated_start) for [Anonymous Symbol]
[...]
    main.o(.ARM.exidx.text.softi2c_read_nack) refers to main.o(.text.softi2c_read_nack) for [Anonymous Symbol]
    main.o(.text.softi2c_write_reg) refers to main.o(.text.softi2c_sig_start) for softi2c_sig_start
    main.o(.text.softi2c_write_reg) refers to main.o(.text.softi2c_send8) for softi2c_send8
    main.o(.text.softi2c_write_reg) refers to main.o(.text.softi2c_read_nack) for softi2c_read_nack
    main.o(.text.softi2c_write_reg) refers to main.o(.text.softi2c_sig_stop) for softi2c_sig_stop
    main.o(.ARM.exidx.text.softi2c_write_reg) refers to main.o(.text.softi2c_write_reg) for [Anonymous Symbol]
    main.o(.text.softi2c_read_reg) refers to main.o(.text.softi2c_sig_start) for softi2c_sig_start
    main.o(.text.softi2c_read_reg) refers to main.o(.text.softi2c_send8) for softi2c_send8
    main.o(.text.softi2c_read_reg) refers to main.o(.text.softi2c_read_nack) for softi2c_read_nack
    main.o(.text.softi2c_read_reg) refers to main.o(.text.softi2c_sig_repeated_start) for softi2c_sig_repeated_start
    main.o(.text.softi2c_read_reg) refers to main.o(.text.softi2c_read8) for softi2c_read8
    main.o(.text.softi2c_read_reg) refers to main.o(.text.softi2c_send_nack) for softi2c_send_nack
    main.o(.text.softi2c_read_reg) refers to main.o(.text.softi2c_sig_stop) for softi2c_sig_stop
    main.o(.ARM.exidx.text.softi2c_read_reg) refers to main.o(.text.softi2c_read_reg) for [Anonymous Symbol]
    main.o(.text.softi2c_probe) refers to main.o(.text.softi2c_sig_start) for softi2c_sig_start
    main.o(.text.softi2c_probe) refers to main.o(.text.softi2c_send8) for softi2c_send8
    main.o(.text.softi2c_probe) refers to main.o(.text.softi2c_read_nack) for softi2c_read_nack
    main.o(.text.softi2c_probe) refers to main.o(.text.softi2c_sig_stop) for softi2c_sig_stop
    main.o(.ARM.exidx.text.softi2c_probe) refers to main.o(.text.softi2c_probe) for [Anonymous Symbol]
    main.o(.text.softi2c_read_reg_hl) refers to main.o(.text.softi2c_read_reg) for softi2c_read_reg
    main.o(.ARM.exidx.text.softi2c_read_reg_hl) refers to main.o(.text.softi2c_read_reg_hl) for [Anonymous Symbol]
    main.o(.ARM.exidx.text.init_adc) refers to main.o(.text.init_adc) for [Anonymous Symbol]
    main.o(.text.op2_imu_write8) refers to main.o(.text.gpio_set) for gpio_set
    main.o(.text.op2_imu_write8) refers to main.o(.text.nop) for nop
    main.o(.text.op2_imu_write8) refers to main.o(.text.spi_tx8x2) for spi_tx8x2
    main.o(.text.op2_imu_write8) refers to main.o(.text.spi_rx8) for spi_rx8
    main.o(.text.op2_imu_write8) refers to main.o(.text.spi_block_while_busy) for spi_block_while_busy
    main.o(.ARM.exidx.text.op2_imu_write8) refers to main.o(.text.op2_imu_write8) for [Anonymous Symbol]
    main.o(.text.op2_imu_read8) refers to main.o(.text.gpio_set) for gpio_set
    main.o(.text.op2_imu_read8) refers to main.o(.text.nop) for nop
    main.o(.text.op2_imu_read8) refers to main.o(.text.spi_tx8) for spi_tx8
    main.o(.text.op2_imu_read8) refers to main.o(.text.spi_rx8) for spi_rx8
    main.o(.text.op2_imu_read8) refers to main.o(.text.spi_block_while_busy) for spi_block_while_busy
    main.o(.ARM.exidx.text.op2_imu_read8) refers to main.o(.text.op2_imu_read8) for [Anonymous Symbol]
    main.o(.text.op2_imu_read8x2) refers to main.o(.text.gpio_set) for gpio_set
    main.o(.text.op2_imu_read8x2) refers to main.o(.text.nop) for nop
    main.o(.text.op2_imu_read8x2) refers to main.o(.text.spi_tx8) for spi_tx8
    main.o(.text.op2_imu_read8x2) refers to main.o(.text.spi_rx8) for spi_rx8
    main.o(.text.op2_imu_read8x2) refers to main.o(.text.spi_block_while_busy) for spi_block_while_busy
    main.o(.ARM.exidx.text.op2_imu_read8x2) refers to main.o(.text.op2_imu_read8x2) for [Anonymous Symbol]
    main.o(.text.op2_imu_acel_ctrl) refers to main.o(.text.op2_imu_write8) for op2_imu_write8
    main.o(.ARM.exidx.text.op2_imu_acel_ctrl) refers to main.o(.text.op2_imu_acel_ctrl) for [Anonymous Symbol]
    main.o(.text.op2_imu_gyro_ctrl) refers to main.o(.text.op2_imu_write8) for op2_imu_write8
    main.o(.ARM.exidx.text.op2_imu_gyro_ctrl) refers to main.o(.text.op2_imu_gyro_ctrl) for [Anonymous Symbol]
    main.o(.text.op2_imu_init) refers to main.o(.text.init_spi_master) for init_spi_master
    main.o(.text.op2_imu_init) refers to main.o(.text.op2_imu_write8) for op2_imu_write8
    main.o(.text.op2_imu_init) refers to main.o(.text.nop) for nop
    main.o(.text.op2_imu_init) refers to main.o(.text.op2_imu_acel_ctrl) for op2_imu_acel_ctrl
    main.o(.text.op2_imu_init) refers to main.o(.text.op2_imu_gyro_ctrl) for op2_imu_gyro_ctrl
    main.o(.ARM.exidx.text.op2_imu_init) refers to main.o(.text.op2_imu_init) for [Anonymous Symbol]
    main.o(.text.op2_imu_read_whoami) refers to main.o(.text.op2_imu_read8) for op2_imu_read8
    main.o(.ARM.exidx.text.op2_imu_read_whoami) refers to main.o(.text.op2_imu_read_whoami) for [Anonymous Symbol]
    main.o(.text.op2_imu_read_acel_x) refers to main.o(.text.op2_imu_read8x2) for op2_imu_read8x2
    main.o(.ARM.exidx.text.op2_imu_read_acel_x) refers to main.o(.text.op2_imu_read_acel_x) for [Anonymous Symbol]
    main.o(.text.op2_imu_read_acel_y) refers to main.o(.text.op2_imu_read8x2) for op2_imu_read8x2
    main.o(.ARM.exidx.text.op2_imu_read_acel_y) refers to main.o(.text.op2_imu_read_acel_y) for [Anonymous Symbol]
    main.o(.text.op2_imu_read_acel_z) refers to main.o(.text.op2_imu_read8x2) for op2_imu_read8x2
    main.o(.ARM.exidx.text.op2_imu_read_acel_z) refers to main.o(.text.op2_imu_read_acel_z) for [Anonymous Symbol]
    main.o(.text.op2_imu_read_gyro_x) refers to main.o(.text.op2_imu_read8x2) for op2_imu_read8x2
    main.o(.ARM.exidx.text.op2_imu_read_gyro_x) refers to main.o(.text.op2_imu_read_gyro_x) for [Anonymous Symbol]
    main.o(.text.op2_imu_read_gyro_y) refers to main.o(.text.op2_imu_read8x2) for op2_imu_read8x2
    main.o(.ARM.exidx.text.op2_imu_read_gyro_y) refers to main.o(.text.op2_imu_read_gyro_y) for [Anonymous Symbol]
    main.o(.text.op2_imu_read_gyro_z) refers to main.o(.text.op2_imu_read8x2) for op2_imu_read8x2
    main.o(.ARM.exidx.text.op2_imu_read_gyro_z) refers to main.o(.text.op2_imu_read_gyro_z) for [Anonymous Symbol]
    main.o(.text.op2_imu_read_temp) refers to main.o(.text.op2_imu_read8x2) for op2_imu_read8x2
    main.o(.ARM.exidx.text.op2_imu_read_temp) refers to main.o(.text.op2_imu_read_temp) for [Anonymous Symbol]
    main.o(.text.op2_mag_ctrl) refers to main.o(.text.softi2c_write_reg) for softi2c_write_reg
    main.o(.ARM.exidx.text.op2_mag_ctrl) refers to main.o(.text.op2_mag_ctrl) for [Anonymous Symbol]
    main.o(.text.op2_mag_init) refers to main.o(.text.init_softi2c) for init_softi2c
    main.o(.text.op2_mag_init) refers to main.o(.text.softi2c_write_reg) for softi2c_write_reg
    main.o(.text.op2_mag_init) refers to main.o(.text.nop) for nop
    main.o(.text.op2_mag_init) refers to main.o(.text.op2_mag_ctrl) for op2_mag_ctrl
    main.o(.ARM.exidx.text.op2_mag_init) refers to main.o(.text.op2_mag_init) for [Anonymous Symbol]
    main.o(.text.op2_mag_read_x) refers to main.o(.text.softi2c_read_reg_hl) for softi2c_read_reg_hl
    main.o(.ARM.exidx.text.op2_mag_read_x) refers to main.o(.text.op2_mag_read_x) for [Anonymous Symbol]
    main.o(.text.op2_mag_read_y) refers to main.o(.text.softi2c_read_reg_hl) for softi2c_read_reg_hl
    main.o(.ARM.exidx.text.op2_mag_read_y) refers to main.o(.text.op2_mag_read_y) for [Anonymous Symbol]
    main.o(.text.op2_mag_read_z) refers to main.o(.text.softi2c_read_reg_hl) for softi2c_read_reg_hl
    main.o(.ARM.exidx.text.op2_mag_read_z) refers to main.o(.text.op2_mag_read_z) for [Anonymous Symbol]
    main.o(.text.op2_mag_read_temp) refers to main.o(.text.softi2c_read_reg_hl) for softi2c_read_reg_hl
    main.o(.ARM.exidx.text.op2_mag_read_temp) refers to main.o(.text.op2_mag_read_temp) for [Anonymous Symbol]
    main.o(.text.op2_sci_uart_init) refers to main.o(.text.init_lpuart) for init_lpuart
    main.o(.ARM.exidx.text.op2_sci_uart_init) refers to main.o(.text.op2_sci_uart_init) for [Anonymous Symbol]
    main.o(.text.op2_printstr) refers to main.o(.text.uart_tx_char) for uart_tx_char
    main.o(.text.op2_printstr) refers to strlen.o(.text) for strlen
    main.o(.ARM.exidx.text.op2_printstr) refers to main.o(.text.op2_printstr) for [Anonymous Symbol]
    main.o(.text.op2_printint16) refers to main.o(.text.uart_tx_char) for uart_tx_char
    main.o(.text.op2_printint16) refers to main.o(.text.abs16) for abs16
    main.o(.text.op2_printint16) refers to main.o(.text.itoa) for itoa
    main.o(.text.op2_printint16) refers to main.o(.bss.textbuf) for textbuf
    main.o(.text.op2_printint16) refers to main.o(.text.op2_printstr) for op2_printstr
    main.o(.ARM.exidx.text.op2_printint16) refers to main.o(.text.op2_printint16) for [Anonymous Symbol]
    main.o(.text.itoa) refers to main.o(.bss.textbuf) for textbuf
    main.o(.text.itoa) refers to main.o(.text.reverse) for reverse
    main.o(.ARM.exidx.text.itoa) refers to main.o(.text.itoa) for [Anonymous Symbol]
    main.o(.text.op2_printuint32) refers to main.o(.text.itoa) for itoa
    main.o(.text.op2_printuint32) refers to main.o(.bss.textbuf) for textbuf
    main.o(.text.op2_printuint32) refers to main.o(.text.op2_printstr) for op2_printstr
    main.o(.ARM.exidx.text.op2_printuint32) refers to main.o(.text.op2_printuint32) for [Anonymous Symbol]
    main.o(.text.op2_printnewline) refers to main.o(.text.uart_tx_char) for uart_tx_char
    main.o(.ARM.exidx.text.op2_printnewline) refers to main.o(.text.op2_printnewline) for [Anonymous Symbol]
    main.o(.text.op2_core_init) refers to main.o(.text.init_clocks) for init_clocks
    main.o(.text.op2_core_init) refers to main.o(.text.init_gpio) for init_gpio
    main.o(.text.op2_core_init) refers to main.o(.text.init_nvic) for init_nvic
    main.o(.ARM.exidx.text.op2_core_init) refers to main.o(.text.op2_core_init) for [Anonymous Symbol]
    main.o(.text.main) refers to main.o(.text.op2_core_init) for op2_core_init
    main.o(.text.main) refers to main.o(.text.gpio_set) for gpio_set
    main.o(.text.main) refers to main.o(.text.op2_sci_uart_init) for op2_sci_uart_init
    main.o(.text.main) refers to main.o(.text.op2_imu_init) for op2_imu_init
    main.o(.text.main) refers to main.o(.text.op2_mag_init) for op2_mag_init
    main.o(.text.main) refers to main.o(.text.op2_printstr) for op2_printstr
    main.o(.text.main) refers to main.o(.text.op2_printuint32) for op2_printuint32
    main.o(.text.main) refers to main.o(.rodata.str1.1) for .L.str.1
    main.o(.text.main) refers to main.o(.text.op2_printnewline) for op2_printnewline
    main.o(.text.main) refers to main.o(.text.op2_imu_read_whoami) for op2_imu_read_whoami
    main.o(.text.main) refers to main.o(.text.gpio_read) for gpio_read
    main.o(.text.main) refers to main.o(.text.gpio_af) for gpio_af
    main.o(.text.main) refers to main.o(.text.delay_ms) for delay_ms
    main.o(.text.main) refers to main.o(.bss.systick_time) for systick_time
    main.o(.text.main) refers to main.o(.text.op2_imu_read_acel_x) for op2_imu_read_acel_x
    main.o(.text.main) refers to main.o(.text.op2_printint16) for op2_printint16
    main.o(.text.main) refers to main.o(.text.op2_imu_read_acel_y) for op2_imu_read_acel_y
    main.o(.text.main) refers to main.o(.text.op2_imu_read_acel_z) for op2_imu_read_acel_z
    main.o(.text.main) refers to main.o(.text.op2_imu_read_gyro_x) for op2_imu_read_gyro_x
    main.o(.text.main) refers to main.o(.text.op2_imu_read_gyro_y) for op2_imu_read_gyro_y
    main.o(.text.main) refers to main.o(.text.op2_imu_read_gyro_z) for op2_imu_read_gyro_z
    main.o(.ARM.exidx.text.main) refers to main.o(.text.main) for [Anonymous Symbol]
    main.o(.text.reverse) refers to main.o(.bss.textbuf) for textbuf
    main.o(.text.reverse) refers to strlen.o(.text) for strlen
    main.o(.ARM.exidx.text.reverse) refers to main.o(.text.reverse) for [Anonymous Symbol]
    startup_stm32l476xx.o(STACK) refers (Special) to heapauxi.o(.text) for __use_two_region_memory
    startup_stm32l476xx.o(HEAP) refers (Special) to heapauxi.o(.text) for __use_two_region_memory
    startup_stm32l476xx.o(RESET) refers (Special) to heapauxi.o(.text) for __use_two_region_memory
    startup_stm32l476xx.o(RESET) refers to startup_stm32l476xx.o(STACK) for __initial_sp
    startup_stm32l476xx.o(RESET) refers to startup_stm32l476xx.o(.text) for Reset_Handler
    startup_stm32l476xx.o(RESET) refers to main.o(.text.SysTick_Handler) for SysTick_Handler
    startup_stm32l476xx.o(.text) refers (Special) to heapauxi.o(.text) for __use_two_region_memory
    startup_stm32l476xx.o(.text) refers to system_stm32l4xx.o(.text.SystemInit) for SystemInit
    startup_stm32l476xx.o(.text) refers to __main.o(!!!main) for __main
    startup_stm32l476xx.o(.text) refers to startup_stm32l476xx.o(HEAP) for Heap_Mem
    startup_stm32l476xx.o(.text) refers to startup_stm32l476xx.o(STACK) for Stack_Mem
    system_stm32l4xx.o(.ARM.exidx.text.SystemInit) refers to system_stm32l4xx.o(.text.SystemInit) for [Anonymous Symbol]
    system_stm32l4xx.o(.text.SystemCoreClockUpdate) refers to system_stm32l4xx.o(.rodata.MSIRangeTable) for MSIRangeTable
    system_stm32l4xx.o(.text.SystemCoreClockUpdate) refers to system_stm32l4xx.o(.data.SystemCoreClock) for SystemCoreClock
    system_stm32l4xx.o(.text.SystemCoreClockUpdate) refers to system_stm32l4xx.o(.rodata.AHBPrescTable) for AHBPrescTable
    system_stm32l4xx.o(.ARM.exidx.text.SystemCoreClockUpdate) refers to system_stm32l4xx.o(.text.SystemCoreClockUpdate) for [Anonymous Symbol]
    __main.o(!!!main) refers to __rtentry.o(.ARM.Collect$$rtentry$$00000000) for __rt_entry
    __rtentry.o(.ARM.Collect$$rtentry$$00000000) refers (Special) to __rtentry2.o(.ARM.Collect$$rtentry$$0000000A) for __rt_entry_li
    __rtentry.o(.ARM.Collect$$rtentry$$00000000) refers (Special) to __rtentry2.o(.ARM.Collect$$rtentry$$0000000D) for __rt_entry_main
    __rtentry.o(.ARM.Collect$$rtentry$$00000000) refers (Special) to __rtentry2.o(.ARM.Collect$$rtentry$$0000000C) for __rt_entry_postli_1
    __rtentry.o(.ARM.Collect$$rtentry$$00000000) refers (Special) to __rtentry2.o(.ARM.Collect$$rtentry$$00000009) for __rt_entry_postsh_1
    __rtentry.o(.ARM.Collect$$rtentry$$00000000) refers (Special) to __rtentry2.o(.ARM.Collect$$rtentry$$00000002) for __rt_entry_presh_1
    __rtentry.o(.ARM.Collect$$rtentry$$00000000) refers (Special) to __rtentry4.o(.ARM.Collect$$rtentry$$00000004) for __rt_entry_sh
    __rtentry2.o(.ARM.Collect$$rtentry$$00000008) refers to boardinit2.o(.text) for _platform_post_stackheap_init
    __rtentry2.o(.ARM.Collect$$rtentry$$0000000A) refers to libinit.o(.ARM.Collect$$libinit$$00000000) for __rt_lib_init
    __rtentry2.o(.ARM.Collect$$rtentry$$0000000B) refers to boardinit3.o(.text) for _platform_post_lib_init
    __rtentry2.o(.ARM.Collect$$rtentry$$0000000D) refers to main.o(.text.main) for main
    __rtentry2.o(.ARM.Collect$$rtentry$$0000000D) refers to exit.o(.text) for exit
    __rtentry2.o(.ARM.exidx) refers to __rtentry2.o(.ARM.Collect$$rtentry$$00000001) for .ARM.Collect$$rtentry$$00000001
    __rtentry2.o(.ARM.exidx) refers to __rtentry2.o(.ARM.Collect$$rtentry$$00000008) for .ARM.Collect$$rtentry$$00000008
    __rtentry2.o(.ARM.exidx) refers to __rtentry2.o(.ARM.Collect$$rtentry$$0000000A) for .ARM.Collect$$rtentry$$0000000A
    __rtentry2.o(.ARM.exidx) refers to __rtentry2.o(.ARM.Collect$$rtentry$$0000000B) for .ARM.Collect$$rtentry$$0000000B
    __rtentry2.o(.ARM.exidx) refers to __rtentry2.o(.ARM.Collect$$rtentry$$0000000D) for .ARM.Collect$$rtentry$$0000000D
    __rtentry4.o(.ARM.Collect$$rtentry$$00000004) refers to sys_stackheap_outer.o(.text) for __user_setup_stackheap
    __rtentry4.o(.ARM.exidx) refers to __rtentry4.o(.ARM.Collect$$rtentry$$00000004) for .ARM.Collect$$rtentry$$00000004
    sys_stackheap_outer.o(.text) refers to libspace.o(.text) for __user_perproc_libspace
    sys_stackheap_outer.o(.text) refers to startup_stm32l476xx.o(.text) for __user_initial_stackheap
    exit.o(.text) refers to rtexit.o(.ARM.Collect$$rtexit$$00000000) for __rt_exit
    libinit.o(.ARM.Collect$$libinit$$00000000) refers (Special) to libinit2.o(.ARM.Collect$$libinit$$0000002E) for __rt_lib_init_alloca_1
    libinit.o(.ARM.Collect$$libinit$$00000000) refers (Special) to libinit2.o(.ARM.Collect$$libinit$$0000002C) for __rt_lib_init_argv_1
    libinit.o(.ARM.Collect$$libinit$$00000000) refers (Special) to libinit2.o(.ARM.Collect$$libinit$$0000001B) for __rt_lib_init_atexit_1
    libinit.o(.ARM.Collect$$libinit$$00000000) refers (Special) to libinit2.o(.ARM.Collect$$libinit$$00000021) for __rt_lib_init_clock_1
    libinit.o(.ARM.Collect$$libinit$$00000000) refers (Special) to libinit2.o(.ARM.Collect$$libinit$$00000032) for __rt_lib_init_cpp_1
    libinit.o(.ARM.Collect$$libinit$$00000000) refers (Special) to libinit2.o(.ARM.Collect$$libinit$$00000030) for __rt_lib_init_exceptions_1
    libinit.o(.ARM.Collect$$libinit$$00000000) refers (Special) to libinit2.o(.ARM.Collect$$libinit$$00000001) for __rt_lib_init_fp_1
    libinit.o(.ARM.Collect$$libinit$$00000000) refers (Special) to libinit2.o(.ARM.Collect$$libinit$$0000001F) for __rt_lib_init_fp_trap_1
    libinit.o(.ARM.Collect$$libinit$$00000000) refers (Special) to libinit2.o(.ARM.Collect$$libinit$$00000023) for __rt_lib_init_getenv_1
    libinit.o(.ARM.Collect$$libinit$$00000000) refers (Special) to libinit2.o(.ARM.Collect$$libinit$$0000000A) for __rt_lib_init_heap_1
    libinit.o(.ARM.Collect$$libinit$$00000000) refers (Special) to libinit2.o(.ARM.Collect$$libinit$$00000011) for __rt_lib_init_lc_collate_1
    libinit.o(.ARM.Collect$$libinit$$00000000) refers (Special) to libinit2.o(.ARM.Collect$$libinit$$00000013) for __rt_lib_init_lc_ctype_1
    libinit.o(.ARM.Collect$$libinit$$00000000) refers (Special) to libinit2.o(.ARM.Collect$$libinit$$00000015) for __rt_lib_init_lc_monetary_1
    libinit.o(.ARM.Collect$$libinit$$00000000) refers (Special) to libinit2.o(.ARM.Collect$$libinit$$00000017) for __rt_lib_init_lc_numeric_1
    libinit.o(.ARM.Collect$$libinit$$00000000) refers (Special) to libinit2.o(.ARM.Collect$$libinit$$00000019) for __rt_lib_init_lc_time_1
    libinit.o(.ARM.Collect$$libinit$$00000000) refers (Special) to libinit2.o(.ARM.Collect$$libinit$$00000004) for __rt_lib_init_preinit_1
    libinit.o(.ARM.Collect$$libinit$$00000000) refers (Special) to libinit2.o(.ARM.Collect$$libinit$$0000000E) for __rt_lib_init_rand_1
    libinit.o(.ARM.Collect$$libinit$$00000000) refers (Special) to libinit2.o(.ARM.Collect$$libinit$$00000033) for __rt_lib_init_return
    libinit.o(.ARM.Collect$$libinit$$00000000) refers (Special) to libinit2.o(.ARM.Collect$$libinit$$0000001D) for __rt_lib_init_signal_1
    libinit.o(.ARM.Collect$$libinit$$00000000) refers (Special) to libinit2.o(.ARM.Collect$$libinit$$00000025) for __rt_lib_init_stdio_1
    libinit.o(.ARM.Collect$$libinit$$00000000) refers (Special) to libinit2.o(.ARM.Collect$$libinit$$0000000C) for __rt_lib_init_user_alloc_1
    libspace.o(.text) refers to libspace.o(.bss) for __libspace_start
    rtexit.o(.ARM.Collect$$rtexit$$00000000) refers (Special) to rtexit2.o(.ARM.Collect$$rtexit$$00000004) for __rt_exit_exit
    rtexit.o(.ARM.Collect$$rtexit$$00000000) refers (Special) to rtexit2.o(.ARM.Collect$$rtexit$$00000003) for __rt_exit_ls
    rtexit.o(.ARM.Collect$$rtexit$$00000000) refers (Special) to rtexit2.o(.ARM.Collect$$rtexit$$00000002) for __rt_exit_prels_1
    rtexit.o(.ARM.exidx) refers (Special) to rtexit2.o(.ARM.Collect$$rtexit$$00000004) for __rt_exit_exit
    rtexit.o(.ARM.exidx) refers (Special) to rtexit2.o(.ARM.Collect$$rtexit$$00000003) for __rt_exit_ls
    rtexit.o(.ARM.exidx) refers (Special) to rtexit2.o(.ARM.Collect$$rtexit$$00000002) for __rt_exit_prels_1
    rtexit.o(.ARM.exidx) refers to rtexit.o(.ARM.Collect$$rtexit$$00000000) for .ARM.Collect$$rtexit$$00000000
    libinit2.o(.ARM.Collect$$libinit$$00000001) refers to fpinit.o(x$fpl$fpinit) for _fp_init
    libinit2.o(.ARM.Collect$$libinit$$00000010) refers to libinit2.o(.ARM.Collect$$libinit$$0000000F) for .ARM.Collect$$libinit$$0000000F
    libinit2.o(.ARM.Collect$$libinit$$00000012) refers to libinit2.o(.ARM.Collect$$libinit$$0000000F) for .ARM.Collect$$libinit$$0000000F
    libinit2.o(.ARM.Collect$$libinit$$00000014) refers to libinit2.o(.ARM.Collect$$libinit$$0000000F) for .ARM.Collect$$libinit$$0000000F
    libinit2.o(.ARM.Collect$$libinit$$00000016) refers to libinit2.o(.ARM.Collect$$libinit$$0000000F) for .ARM.Collect$$libinit$$0000000F
    libinit2.o(.ARM.Collect$$libinit$$00000018) refers to libinit2.o(.ARM.Collect$$libinit$$0000000F) for .ARM.Collect$$libinit$$0000000F
    libinit2.o(.ARM.Collect$$libinit$$00000026) refers to argv_veneer.o(.emb_text) for __ARM_argv_veneer
    libinit2.o(.ARM.Collect$$libinit$$00000027) refers to argv_veneer.o(.emb_text) for __ARM_argv_veneer
    rtexit2.o(.ARM.Collect$$rtexit$$00000003) refers to libshutdown.o(.ARM.Collect$$libshutdown$$00000000) for __rt_lib_shutdown
    rtexit2.o(.ARM.Collect$$rtexit$$00000004) refers to sys_exit.o(.text) for _sys_exit
    rtexit2.o(.ARM.exidx) refers to rtexit2.o(.ARM.Collect$$rtexit$$00000001) for .ARM.Collect$$rtexit$$00000001
    rtexit2.o(.ARM.exidx) refers to rtexit2.o(.ARM.Collect$$rtexit$$00000003) for .ARM.Collect$$rtexit$$00000003
    rtexit2.o(.ARM.exidx) refers to rtexit2.o(.ARM.Collect$$rtexit$$00000004) for .ARM.Collect$$rtexit$$00000004
    argv_veneer.o(.emb_text) refers to no_argv.o(.text) for __ARM_get_argv
    sys_exit.o(.text) refers (Special) to use_no_semi.o(.text) for __I$use$semihosting
    sys_exit.o(.text) refers (Special) to indicate_semi.o(.text) for __semihosting_library_function
    sys_exit_hlt.o(.text) refers (Special) to use_no_semi.o(.text) for __I$use$semihosting
    sys_exit_hlt.o(.text) refers (Special) to indicate_semi.o(.text) for __semihosting_library_function
    _get_argv_nomalloc.o(.text) refers (Special) to hrguard.o(.text) for __heap_region$guard
    _get_argv_nomalloc.o(.text) refers to defsig_rtmem_outer.o(.text) for __rt_SIGRTMEM
    _get_argv_nomalloc.o(.text) refers to sys_command.o(.text) for _sys_command_string
    libshutdown.o(.ARM.Collect$$libshutdown$$00000000) refers (Special) to libshutdown2.o(.ARM.Collect$$libshutdown$$00000002) for __rt_lib_shutdown_cpp_1
    libshutdown.o(.ARM.Collect$$libshutdown$$00000000) refers (Special) to libshutdown2.o(.ARM.Collect$$libshutdown$$00000007) for __rt_lib_shutdown_fp_trap_1
    libshutdown.o(.ARM.Collect$$libshutdown$$00000000) refers (Special) to libshutdown2.o(.ARM.Collect$$libshutdown$$0000000F) for __rt_lib_shutdown_heap_1
    libshutdown.o(.ARM.Collect$$libshutdown$$00000000) refers (Special) to libshutdown2.o(.ARM.Collect$$libshutdown$$00000010) for __rt_lib_shutdown_return
    libshutdown.o(.ARM.Collect$$libshutdown$$00000000) refers (Special) to libshutdown2.o(.ARM.Collect$$libshutdown$$0000000A) for __rt_lib_shutdown_signal_1
    libshutdown.o(.ARM.Collect$$libshutdown$$00000000) refers (Special) to libshutdown2.o(.ARM.Collect$$libshutdown$$00000004) for __rt_lib_shutdown_stdio_1
    libshutdown.o(.ARM.Collect$$libshutdown$$00000000) refers (Special) to libshutdown2.o(.ARM.Collect$$libshutdown$$0000000C) for __rt_lib_shutdown_user_alloc_1
    sys_command.o(.text) refers (Special) to use_no_semi.o(.text) for __I$use$semihosting
    sys_command.o(.text) refers (Special) to indicate_semi.o(.text) for __semihosting_library_function
    sys_command_hlt.o(.text) refers (Special) to use_no_semi.o(.text) for __I$use$semihosting
    sys_command_hlt.o(.text) refers (Special) to indicate_semi.o(.text) for __semihosting_library_function
    defsig_rtmem_outer.o(.text) refers to defsig_rtmem_inner.o(.text) for __rt_SIGRTMEM_inner
    defsig_rtmem_outer.o(.text) refers to defsig_exit.o(.text) for __sig_exit
    defsig_rtmem_formal.o(.text) refers to rt_raise.o(.text) for __rt_raise
    rt_raise.o(.text) refers to __raise.o(.text) for __raise
    rt_raise.o(.text) refers to sys_exit.o(.text) for _sys_exit
    defsig_exit.o(.text) refers to sys_exit.o(.text) for _sys_exit
    defsig_rtmem_inner.o(.text) refers to defsig_general.o(.text) for __default_signal_display
    __raise.o(.text) refers to defsig.o(CL$$defsig) for __default_signal_handler
    defsig_general.o(.text) refers to sys_wrch.o(.text) for _ttywrch
    sys_wrch.o(.text) refers (Special) to use_no_semi.o(.text) for __I$use$semihosting
    sys_wrch.o(.text) refers (Special) to indicate_semi.o(.text) for __semihosting_library_function
    sys_wrch_hlt.o(.text) refers (Special) to use_no_semi.o(.text) for __I$use$semihosting
    sys_wrch_hlt.o(.text) refers (Special) to indicate_semi.o(.text) for __semihosting_library_function
    defsig.o(CL$$defsig) refers to defsig_rtmem_inner.o(.text) for __rt_SIGRTMEM_inner
    defsig_abrt_inner.o(.text) refers to defsig_general.o(.text) for __default_signal_display
    defsig_fpe_inner.o(.text) refers to defsig_general.o(.text) for __default_signal_display
    defsig_rtred_inner.o(.text) refers to defsig_general.o(.text) for __default_signal_display
    defsig_stak_inner.o(.text) refers to defsig_general.o(.text) for __default_signal_display
    defsig_pvfn_inner.o(.text) refers to defsig_general.o(.text) for __default_signal_display
    defsig_cppl_inner.o(.text) refers to defsig_general.o(.text) for __default_signal_display
    defsig_segv_inner.o(.text) refers to defsig_general.o(.text) for __default_signal_display
    defsig_other.o(.text) refers to defsig_general.o(.text) for __default_signal_display


==============================================================================

Removing Unused input sections from the image.

    Removing main.o(.text), (0 bytes).
    Removing main.o(.ARM.exidx.text.abs16), (8 bytes).
    Removing main.o(.ARM.exidx.text.nop), (8 bytes).
    Removing main.o(.text.nop_ms), (14 bytes).
    Removing main.o(.ARM.exidx.text.nop_ms), (8 bytes).
    Removing main.o(.ARM.exidx.text.init_clocks), (8 bytes).
    Removing main.o(.ARM.exidx.text.gpio_high), (8 bytes).
    Removing main.o(.ARM.exidx.text.gpio_low), (8 bytes).
    Removing main.o(.ARM.exidx.text.gpio_set), (8 bytes).
    Removing main.o(.ARM.exidx.text.gpio_read), (8 bytes).
    Removing main.o(.ARM.exidx.text.gpio_mode), (8 bytes).
    Removing main.o(.ARM.exidx.text.gpio_af), (8 bytes).
    Removing main.o(.ARM.exidx.text.init_gpio), (8 bytes).
    Removing main.o(.ARM.exidx.text.SysTick_Handler), (8 bytes).
    Removing main.o(.ARM.exidx.text.delay_ms), (8 bytes).
    Removing main.o(.ARM.exidx.text.init_nvic), (8 bytes).
    Removing main.o(.ARM.exidx.text.init_lpuart), (8 bytes).
    Removing main.o(.ARM.exidx.text.uart_tx_char), (8 bytes).
    Removing main.o(.text.uart_tx_long), (54 bytes).
    Removing main.o(.ARM.exidx.text.uart_tx_long), (8 bytes).
    Removing main.o(.text.init_softuart), (62 bytes).
    Removing main.o(.ARM.exidx.text.init_softuart), (8 bytes).
    Removing main.o(.text.softuart_tx_char), (2 bytes).
    Removing main.o(.ARM.exidx.text.softuart_tx_char), (8 bytes).
    Removing main.o(.ARM.exidx.text.init_spi_master), (8 bytes).
    Removing main.o(.ARM.exidx.text.spi_block_while_busy), (8 bytes).
    Removing main.o(.ARM.exidx.text.spi_tx8), (8 bytes).
    Removing main.o(.ARM.exidx.text.spi_rx8), (8 bytes).
    Removing main.o(.ARM.exidx.text.spi_tx8x2), (8 bytes).
    Removing main.o(.text.spi_tx8_long), (54 bytes).
    Removing main.o(.ARM.exidx.text.spi_tx8_long), (8 bytes).
    Removing main.o(.text.spi_txrx8_long), (68 bytes).
    Removing main.o(.ARM.exidx.text.spi_txrx8_long), (8 bytes).
    Removing main.o(.ARM.exidx.text.softi2c_line_mode), (8 bytes).
    Removing main.o(.ARM.exidx.text.init_softi2c), (8 bytes).
    Removing main.o(.ARM.exidx.text.softi2c_delay), (8 bytes).
    Removing main.o(.ARM.exidx.text.softi2c_sig_start), (8 bytes).
    Removing main.o(.text.softi2c_sig_repeated_start), (86 bytes).
    Removing main.o(.ARM.exidx.text.softi2c_sig_repeated_start), (8 bytes).
    Removing main.o(.ARM.exidx.text.softi2c_sig_stop), (8 bytes).
    Removing main.o(.ARM.exidx.text.softi2c_send8), (8 bytes).
    Removing main.o(.text.softi2c_read8), (90 bytes).
    Removing main.o(.ARM.exidx.text.softi2c_read8), (8 bytes).
    Removing main.o(.text.softi2c_send_nack), (54 bytes).
    Removing main.o(.ARM.exidx.text.softi2c_send_nack), (8 bytes).
    Removing main.o(.ARM.exidx.text.softi2c_read_nack), (8 bytes).
    Removing main.o(.ARM.exidx.text.softi2c_write_reg), (8 bytes).
    Removing main.o(.text.softi2c_read_reg), (172 bytes).
    Removing main.o(.ARM.exidx.text.softi2c_read_reg), (8 bytes).
    Removing main.o(.text.softi2c_probe), (84 bytes).
    Removing main.o(.ARM.exidx.text.softi2c_probe), (8 bytes).
    Removing main.o(.text.softi2c_read_reg_hl), (64 bytes).
    Removing main.o(.ARM.exidx.text.softi2c_read_reg_hl), (8 bytes).
    Removing main.o(.text.init_adc), (14 bytes).
    Removing main.o(.ARM.exidx.text.init_adc), (8 bytes).
    Removing main.o(.ARM.exidx.text.op2_imu_write8), (8 bytes).
    Removing main.o(.ARM.exidx.text.op2_imu_read8), (8 bytes).
    Removing main.o(.ARM.exidx.text.op2_imu_read8x2), (8 bytes).
    Removing main.o(.ARM.exidx.text.op2_imu_acel_ctrl), (8 bytes).
    Removing main.o(.ARM.exidx.text.op2_imu_gyro_ctrl), (8 bytes).
    Removing main.o(.ARM.exidx.text.op2_imu_init), (8 bytes).
    Removing main.o(.ARM.exidx.text.op2_imu_read_whoami), (8 bytes).
    Removing main.o(.ARM.exidx.text.op2_imu_read_acel_x), (8 bytes).
    Removing main.o(.ARM.exidx.text.op2_imu_read_acel_y), (8 bytes).
    Removing main.o(.ARM.exidx.text.op2_imu_read_acel_z), (8 bytes).
    Removing main.o(.ARM.exidx.text.op2_imu_read_gyro_x), (8 bytes).
    Removing main.o(.ARM.exidx.text.op2_imu_read_gyro_y), (8 bytes).
    Removing main.o(.ARM.exidx.text.op2_imu_read_gyro_z), (8 bytes).
    Removing main.o(.text.op2_imu_read_temp), (10 bytes).
    Removing main.o(.ARM.exidx.text.op2_imu_read_temp), (8 bytes).
    Removing main.o(.ARM.exidx.text.op2_mag_ctrl), (8 bytes).
    Removing main.o(.ARM.exidx.text.op2_mag_init), (8 bytes).
    Removing main.o(.text.op2_mag_read_x), (42 bytes).
    Removing main.o(.ARM.exidx.text.op2_mag_read_x), (8 bytes).
    Removing main.o(.text.op2_mag_read_y), (42 bytes).
    Removing main.o(.ARM.exidx.text.op2_mag_read_y), (8 bytes).
    Removing main.o(.text.op2_mag_read_z), (42 bytes).
    Removing main.o(.ARM.exidx.text.op2_mag_read_z), (8 bytes).
    Removing main.o(.text.op2_mag_read_temp), (42 bytes).
    Removing main.o(.ARM.exidx.text.op2_mag_read_temp), (8 bytes).
    Removing main.o(.ARM.exidx.text.op2_sci_uart_init), (8 bytes).
    Removing main.o(.ARM.exidx.text.op2_printstr), (8 bytes).
    Removing main.o(.ARM.exidx.text.op2_printint16), (8 bytes).
    Removing main.o(.ARM.exidx.text.itoa), (8 bytes).
    Removing main.o(.ARM.exidx.text.op2_printuint32), (8 bytes).
    Removing main.o(.ARM.exidx.text.op2_printnewline), (8 bytes).
    Removing main.o(.ARM.exidx.text.op2_core_init), (8 bytes).
    Removing main.o(.ARM.exidx.text.main), (8 bytes).
    Removing main.o(.ARM.exidx.text.reverse), (8 bytes).
    Removing main.o(.ARM.use_no_argv), (4 bytes).
    Removing system_stm32l4xx.o(.text), (0 bytes).
    Removing system_stm32l4xx.o(.ARM.exidx.text.SystemInit), (8 bytes).
    Removing system_stm32l4xx.o(.text.SystemCoreClockUpdate), (190 bytes).
    Removing system_stm32l4xx.o(.ARM.exidx.text.SystemCoreClockUpdate), (8 bytes).
    Removing system_stm32l4xx.o(.data.SystemCoreClock), (4 bytes).
    Removing system_stm32l4xx.o(.rodata.AHBPrescTable), (16 bytes).
    Removing system_stm32l4xx.o(.rodata.APBPrescTable), (8 bytes).
    Removing system_stm32l4xx.o(.rodata.MSIRangeTable), (48 bytes).

98 unused section(s) (total 1842 bytes) removed from the image.

==============================================================================

Image Symbol Table

    Local Symbols

    Symbol Name                              Value     Ov Type        Size  Object(Section)

    ../clib/angel/boardlib.s                 0x00000000   Number         0  boardinit1.o ABSOLUTE
    ../clib/angel/boardlib.s                 0x00000000   Number         0  boardinit2.o ABSOLUTE
    ../clib/angel/boardlib.s                 0x00000000   Number         0  boardinit3.o ABSOLUTE
    ../clib/angel/boardlib.s                 0x00000000   Number         0  boardshut.o ABSOLUTE
    ../clib/angel/handlers.s                 0x00000000   Number         0  __scatter_zi.o ABSOLUTE
    ../clib/angel/kernel.s                   0x00000000   Number         0  __rtentry.o ABSOLUTE
    ../clib/angel/kernel.s                   0x00000000   Number         0  __rtentry2.o ABSOLUTE
    ../clib/angel/kernel.s                   0x00000000   Number         0  __rtentry4.o ABSOLUTE
    ../clib/angel/kernel.s                   0x00000000   Number         0  rtexit.o ABSOLUTE
    ../clib/angel/kernel.s                   0x00000000   Number         0  rtexit2.o ABSOLUTE
    ../clib/angel/rt.s                       0x00000000   Number         0  rt_raise.o ABSOLUTE
    ../clib/angel/scatter.s                  0x00000000   Number         0  __scatter.o ABSOLUTE
    ../clib/angel/startup.s                  0x00000000   Number         0  __main.o ABSOLUTE
    ../clib/angel/sys.s                      0x00000000   Number         0  sys_stackheap_outer.o ABSOLUTE
    ../clib/angel/sys.s                      0x00000000   Number         0  libspace.o ABSOLUTE
    ../clib/angel/sys.s                      0x00000000   Number         0  use_no_semi.o ABSOLUTE
    ../clib/angel/sys.s                      0x00000000   Number         0  indicate_semi.o ABSOLUTE
    ../clib/angel/sysapp.c                   0x00000000   Number         0  sys_exit.o ABSOLUTE
    ../clib/angel/sysapp.c                   0x00000000   Number         0  sys_exit_hlt.o ABSOLUTE
    ../clib/angel/sysapp.c                   0x00000000   Number         0  sys_command.o ABSOLUTE
    ../clib/angel/sysapp.c                   0x00000000   Number         0  sys_command_hlt.o ABSOLUTE
    ../clib/angel/sysapp.c                   0x00000000   Number         0  sys_wrch.o ABSOLUTE
    ../clib/angel/sysapp.c                   0x00000000   Number         0  sys_wrch_hlt.o ABSOLUTE
    ../clib/armsys.c                         0x00000000   Number         0  argv_veneer.o ABSOLUTE
    ../clib/armsys.c                         0x00000000   Number         0  argv_veneer.o ABSOLUTE
    ../clib/armsys.c                         0x00000000   Number         0  _get_argv_nomalloc.o ABSOLUTE
    ../clib/armsys.c                         0x00000000   Number         0  no_argv.o ABSOLUTE
    ../clib/heapalloc.c                      0x00000000   Number         0  hrguard.o ABSOLUTE
    ../clib/heapaux.c                        0x00000000   Number         0  heapauxi.o ABSOLUTE
    ../clib/libinit.s                        0x00000000   Number         0  libinit.o ABSOLUTE
    ../clib/libinit.s                        0x00000000   Number         0  libinit2.o ABSOLUTE
    ../clib/libinit.s                        0x00000000   Number         0  libshutdown.o ABSOLUTE
    ../clib/libinit.s                        0x00000000   Number         0  libshutdown2.o ABSOLUTE
    ../clib/signal.c                         0x00000000   Number         0  defsig_rtmem_outer.o ABSOLUTE
    ../clib/signal.c                         0x00000000   Number         0  defsig_rtmem_formal.o ABSOLUTE
    ../clib/signal.c                         0x00000000   Number         0  defsig_exit.o ABSOLUTE
    ../clib/signal.c                         0x00000000   Number         0  defsig_rtmem_inner.o ABSOLUTE
    ../clib/signal.c                         0x00000000   Number         0  __raise.o ABSOLUTE
    ../clib/signal.c                         0x00000000   Number         0  defsig_general.o ABSOLUTE
    ../clib/signal.c                         0x00000000   Number         0  defsig_abrt_inner.o ABSOLUTE
    ../clib/signal.c                         0x00000000   Number         0  defsig_fpe_inner.o ABSOLUTE
    ../clib/signal.c                         0x00000000   Number         0  defsig_rtred_inner.o ABSOLUTE
    ../clib/signal.c                         0x00000000   Number         0  defsig_stak_inner.o ABSOLUTE
    ../clib/signal.c                         0x00000000   Number         0  defsig_pvfn_inner.o ABSOLUTE
    ../clib/signal.c                         0x00000000   Number         0  defsig_cppl_inner.o ABSOLUTE
    ../clib/signal.c                         0x00000000   Number         0  defsig_segv_inner.o ABSOLUTE
    ../clib/signal.c                         0x00000000   Number         0  defsig_other.o ABSOLUTE
    ../clib/signal.s                         0x00000000   Number         0  defsig.o ABSOLUTE
    ../clib/stdlib.c                         0x00000000   Number         0  exit.o ABSOLUTE
    ../clib/string.c                         0x00000000   Number         0  strlen.o ABSOLUTE
    ../fplib/fpinit.s                        0x00000000   Number         0  fpinit.o ABSOLUTE
    RTE/Device/STM32L476ZGTx/startup_stm32l476xx.s 0x00000000   Number         0  startup_stm32l476xx.o ABSOLUTE
    dc.s                                     0x00000000   Number         0  dc.o ABSOLUTE
    main.c                                   0x00000000   Number         0  main.o ABSOLUTE
    system_stm32l4xx.c                       0x00000000   Number         0  system_stm32l4xx.o ABSOLUTE
    RESET                                    0x08000000   Section      392  startup_stm32l476xx.o(RESET)
    !!!main                                  0x08000188   Section        8  __main.o(!!!main)
    !!!scatter                               0x08000190   Section       52  __scatter.o(!!!scatter)
    !!handler_zi                             0x080001c4   Section       28  __scatter_zi.o(!!handler_zi)
    .ARM.Collect$$libinit$$00000000          0x080001e0   Section        2  libinit.o(.ARM.Collect$$libinit$$00000000)
    .ARM.Collect$$libinit$$00000001          0x080001e2   Section        4  libinit2.o(.ARM.Collect$$libinit$$00000001)
    .ARM.Collect$$libinit$$00000004          0x080001e6   Section        0  libinit2.o(.ARM.Collect$$libinit$$00000004)
    .ARM.Collect$$libinit$$0000000A          0x080001e6   Section        0  libinit2.o(.ARM.Collect$$libinit$$0000000A)
    .ARM.Collect$$libinit$$0000000C          0x080001e6   Section        0  libinit2.o(.ARM.Collect$$libinit$$0000000C)
    .ARM.Collect$$libinit$$0000000E          0x080001e6   Section        0  libinit2.o(.ARM.Collect$$libinit$$0000000E)
    .ARM.Collect$$libinit$$00000011          0x080001e6   Section        0  libinit2.o(.ARM.Collect$$libinit$$00000011)
    .ARM.Collect$$libinit$$00000013          0x080001e6   Section        0  libinit2.o(.ARM.Collect$$libinit$$00000013)
    .ARM.Collect$$libinit$$00000015          0x080001e6   Section        0  libinit2.o(.ARM.Collect$$libinit$$00000015)
    .ARM.Collect$$libinit$$00000017          0x080001e6   Section        0  libinit2.o(.ARM.Collect$$libinit$$00000017)
    .ARM.Collect$$libinit$$00000019          0x080001e6   Section        0  libinit2.o(.ARM.Collect$$libinit$$00000019)
    .ARM.Collect$$libinit$$0000001B          0x080001e6   Section        0  libinit2.o(.ARM.Collect$$libinit$$0000001B)
    .ARM.Collect$$libinit$$0000001D          0x080001e6   Section        0  libinit2.o(.ARM.Collect$$libinit$$0000001D)
    .ARM.Collect$$libinit$$0000001F          0x080001e6   Section        0  libinit2.o(.ARM.Collect$$libinit$$0000001F)
    .ARM.Collect$$libinit$$00000021          0x080001e6   Section        0  libinit2.o(.ARM.Collect$$libinit$$00000021)
    .ARM.Collect$$libinit$$00000023          0x080001e6   Section        0  libinit2.o(.ARM.Collect$$libinit$$00000023)
    .ARM.Collect$$libinit$$00000025          0x080001e6   Section        0  libinit2.o(.ARM.Collect$$libinit$$00000025)
    .ARM.Collect$$libinit$$0000002C          0x080001e6   Section        0  libinit2.o(.ARM.Collect$$libinit$$0000002C)
    .ARM.Collect$$libinit$$0000002E          0x080001e6   Section        0  libinit2.o(.ARM.Collect$$libinit$$0000002E)
    .ARM.Collect$$libinit$$00000030          0x080001e6   Section        0  libinit2.o(.ARM.Collect$$libinit$$00000030)
    .ARM.Collect$$libinit$$00000032          0x080001e6   Section        0  libinit2.o(.ARM.Collect$$libinit$$00000032)
    .ARM.Collect$$libinit$$00000033          0x080001e6   Section        2  libinit2.o(.ARM.Collect$$libinit$$00000033)
    .ARM.Collect$$libshutdown$$00000000      0x080001e8   Section        2  libshutdown.o(.ARM.Collect$$libshutdown$$00000000)
    .ARM.Collect$$libshutdown$$00000002      0x080001ea   Section        0  libshutdown2.o(.ARM.Collect$$libshutdown$$00000002)
    .ARM.Collect$$libshutdown$$00000004      0x080001ea   Section        0  libshutdown2.o(.ARM.Collect$$libshutdown$$00000004)
    .ARM.Collect$$libshutdown$$00000007      0x080001ea   Section        0  libshutdown2.o(.ARM.Collect$$libshutdown$$00000007)
    .ARM.Collect$$libshutdown$$0000000A      0x080001ea   Section        0  libshutdown2.o(.ARM.Collect$$libshutdown$$0000000A)
    .ARM.Collect$$libshutdown$$0000000C      0x080001ea   Section        0  libshutdown2.o(.ARM.Collect$$libshutdown$$0000000C)
    .ARM.Collect$$libshutdown$$0000000F      0x080001ea   Section        0  libshutdown2.o(.ARM.Collect$$libshutdown$$0000000F)
    .ARM.Collect$$libshutdown$$00000010      0x080001ea   Section        2  libshutdown2.o(.ARM.Collect$$libshutdown$$00000010)
    .ARM.Collect$$rtentry$$00000000          0x080001ec   Section        0  __rtentry.o(.ARM.Collect$$rtentry$$00000000)
    .ARM.Collect$$rtentry$$00000002          0x080001ec   Section        0  __rtentry2.o(.ARM.Collect$$rtentry$$00000002)
    .ARM.Collect$$rtentry$$00000004          0x080001ec   Section        6  __rtentry4.o(.ARM.Collect$$rtentry$$00000004)
    .ARM.Collect$$rtentry$$00000009          0x080001f2   Section        0  __rtentry2.o(.ARM.Collect$$rtentry$$00000009)
    .ARM.Collect$$rtentry$$0000000A          0x080001f2   Section        4  __rtentry2.o(.ARM.Collect$$rtentry$$0000000A)
    .ARM.Collect$$rtentry$$0000000C          0x080001f6   Section        0  __rtentry2.o(.ARM.Collect$$rtentry$$0000000C)
    .ARM.Collect$$rtentry$$0000000D          0x080001f6   Section        8  __rtentry2.o(.ARM.Collect$$rtentry$$0000000D)
    .ARM.Collect$$rtexit$$00000000           0x080001fe   Section        2  rtexit.o(.ARM.Collect$$rtexit$$00000000)
    .ARM.Collect$$rtexit$$00000002           0x08000200   Section        0  rtexit2.o(.ARM.Collect$$rtexit$$00000002)
    .ARM.Collect$$rtexit$$00000003           0x08000200   Section        4  rtexit2.o(.ARM.Collect$$rtexit$$00000003)
    .ARM.Collect$$rtexit$$00000004           0x08000204   Section        6  rtexit2.o(.ARM.Collect$$rtexit$$00000004)
    $v0                                      0x0800020c   Number         0  startup_stm32l476xx.o(.text)
    .text                                    0x0800020c   Section       64  startup_stm32l476xx.o(.text)
    .text                                    0x0800024c   Section        0  strlen.o(.text)
    .text                                    0x0800028a   Section        0  heapauxi.o(.text)
    .text                                    0x08000290   Section       74  sys_stackheap_outer.o(.text)
    .text                                    0x080002da   Section        0  exit.o(.text)
    .text                                    0x080002ec   Section        8  libspace.o(.text)
    .text                                    0x080002f4   Section        0  sys_exit.o(.text)
    .text                                    0x08000300   Section        2  use_no_semi.o(.text)
    .text                                    0x08000302   Section        0  indicate_semi.o(.text)
    [Anonymous Symbol]                       0x08000304   Section        0  main.o(.text.SysTick_Handler)
    [Anonymous Symbol]                       0x08000314   Section        0  system_stm32l4xx.o(.text.SystemInit)
    [Anonymous Symbol]                       0x08000358   Section        0  main.o(.text.abs16)
    [Anonymous Symbol]                       0x08000364   Section        0  main.o(.text.delay_ms)
    [Anonymous Symbol]                       0x08000390   Section        0  main.o(.text.gpio_af)
    [Anonymous Symbol]                       0x080003e8   Section        0  main.o(.text.gpio_high)
    [Anonymous Symbol]                       0x080003f4   Section        0  main.o(.text.gpio_low)
    [Anonymous Symbol]                       0x08000400   Section        0  main.o(.text.gpio_mode)
    [Anonymous Symbol]                       0x08000460   Section        0  main.o(.text.gpio_read)
    [Anonymous Symbol]                       0x0800046c   Section        0  main.o(.text.gpio_set)
    [Anonymous Symbol]                       0x0800047c   Section        0  main.o(.text.init_clocks)
    [Anonymous Symbol]                       0x08000554   Section        0  main.o(.text.init_gpio)
    [Anonymous Symbol]                       0x08000638   Section        0  main.o(.text.init_lpuart)
    [Anonymous Symbol]                       0x08000678   Section        0  main.o(.text.init_nvic)
    [Anonymous Symbol]                       0x080006a4   Section        0  main.o(.text.init_softi2c)
    [Anonymous Symbol]                       0x08000704   Section        0  main.o(.text.init_spi_master)
    itoa                                     0x08000781   Thumb Code    86  main.o(.text.itoa)
    [Anonymous Symbol]                       0x08000780   Section        0  main.o(.text.itoa)
    [Anonymous Symbol]                       0x080007d8   Section        0  main.o(.text.main)
    [Anonymous Symbol]                       0x08000a3c   Section        0  main.o(.text.nop)
    [Anonymous Symbol]                       0x08000a4c   Section        0  main.o(.text.op2_core_init)
    [Anonymous Symbol]                       0x08000a5c   Section        0  main.o(.text.op2_imu_acel_ctrl)
    [Anonymous Symbol]                       0x08000a80   Section        0  main.o(.text.op2_imu_gyro_ctrl)
    [Anonymous Symbol]                       0x08000a94   Section        0  main.o(.text.op2_imu_init)
    [Anonymous Symbol]                       0x08000b04   Section        0  main.o(.text.op2_imu_read8)
    [Anonymous Symbol]                       0x08000b68   Section        0  main.o(.text.op2_imu_read8x2)
    [Anonymous Symbol]                       0x08000be4   Section        0  main.o(.text.op2_imu_read_acel_x)
    [Anonymous Symbol]                       0x08000bf0   Section        0  main.o(.text.op2_imu_read_acel_y)
    [Anonymous Symbol]                       0x08000bfc   Section        0  main.o(.text.op2_imu_read_acel_z)
    [Anonymous Symbol]                       0x08000c08   Section        0  main.o(.text.op2_imu_read_gyro_x)
    [Anonymous Symbol]                       0x08000c14   Section        0  main.o(.text.op2_imu_read_gyro_y)
    [Anonymous Symbol]                       0x08000c20   Section        0  main.o(.text.op2_imu_read_gyro_z)
    [Anonymous Symbol]                       0x08000c2c   Section        0  main.o(.text.op2_imu_read_whoami)
    [Anonymous Symbol]                       0x08000c38   Section        0  main.o(.text.op2_imu_write8)
    [Anonymous Symbol]                       0x08000c9c   Section        0  main.o(.text.op2_mag_ctrl)
    [Anonymous Symbol]                       0x08000ce0   Section        0  main.o(.text.op2_mag_init)
    [Anonymous Symbol]                       0x08000d60   Section        0  main.o(.text.op2_printint16)
    [Anonymous Symbol]                       0x08000d90   Section        0  main.o(.text.op2_printnewline)
    [Anonymous Symbol]                       0x08000dac   Section        0  main.o(.text.op2_printstr)
    [Anonymous Symbol]                       0x08000ddc   Section        0  main.o(.text.op2_printuint32)
    [Anonymous Symbol]                       0x08000df0   Section        0  main.o(.text.op2_sci_uart_init)
    reverse                                  0x08000e21   Thumb Code    46  main.o(.text.reverse)
    [Anonymous Symbol]                       0x08000e20   Section        0  main.o(.text.reverse)
    [Anonymous Symbol]                       0x08000e50   Section        0  main.o(.text.softi2c_delay)
    [Anonymous Symbol]                       0x08000e5c   Section        0  main.o(.text.softi2c_line_mode)
    [Anonymous Symbol]                       0x08000e88   Section        0  main.o(.text.softi2c_read_nack)
    [Anonymous Symbol]                       0x08000ed0   Section        0  main.o(.text.softi2c_send8)
    [Anonymous Symbol]                       0x08000f24   Section        0  main.o(.text.softi2c_sig_start)
    [Anonymous Symbol]                       0x08000f6c   Section        0  main.o(.text.softi2c_sig_stop)
    [Anonymous Symbol]                       0x08000fb4   Section        0  main.o(.text.softi2c_write_reg)
    [Anonymous Symbol]                       0x08001040   Section        0  main.o(.text.spi_block_while_busy)
    [Anonymous Symbol]                       0x08001054   Section        0  main.o(.text.spi_rx8)
    [Anonymous Symbol]                       0x0800105c   Section        0  main.o(.text.spi_tx8)
    [Anonymous Symbol]                       0x0800107c   Section        0  main.o(.text.spi_tx8x2)
    [Anonymous Symbol]                       0x080010a8   Section        0  main.o(.text.uart_tx_char)
    $v0                                      0x080010bc   Number         0  fpinit.o(x$fpl$fpinit)
    x$fpl$fpinit                             0x080010bc   Section       26  fpinit.o(x$fpl$fpinit)
    .L.str.1                                 0x080010d6   Data           3  main.o(.rodata.str1.1)
    [Anonymous Symbol]                       0x080010d6   Section        0  main.o(.rodata.str1.1)
    .L.str.4                                 0x080010d9   Data           2  main.o(.rodata.str1.1)
    .bss                                     0x20000000   Section       96  libspace.o(.bss)
    Heap_Mem                                 0x20000168   Data         512  startup_stm32l476xx.o(HEAP)
    HEAP                                     0x20000168   Section      512  startup_stm32l476xx.o(HEAP)
    Stack_Mem                                0x20000368   Data        1024  startup_stm32l476xx.o(STACK)
    STACK                                    0x20000368   Section     1024  startup_stm32l476xx.o(STACK)
    __initial_sp                             0x20000768   Data           0  startup_stm32l476xx.o(STACK)

    Global Symbols

    Symbol Name                              Value     Ov Type        Size  Object(Section)

    BuildAttributes$$THM_ISAv4$E$P$D$K$B$S$7EM$VFPi3$EXTD16$VFPS$VFMA$PE$A:L22UL41UL21$X:L11$S22US41US21$IEEE1$IW$~IW$USESV6$~STKCKD$USESV7$~SHL$OTIME$ROPI$EBA8$UX$STANDARDLIB$REQ8$PRES8$EABIv2 0x00000000   Number         0  anon$$obj.o ABSOLUTE
    __ARM_exceptions_init                     - Undefined Weak Reference
    __alloca_initialize                       - Undefined Weak Reference
    __arm_preinit_                            - Undefined Weak Reference
    __cpp_initialize__aeabi_                  - Undefined Weak Reference
    __cxa_finalize                            - Undefined Weak Reference
    __rt_locale                               - Undefined Weak Reference
    __sigvec_lookup                           - Undefined Weak Reference
    _atexit_init                              - Undefined Weak Reference
    _call_atexit_fns                          - Undefined Weak Reference
    _clock_init                               - Undefined Weak Reference
    _fp_trap_init                             - Undefined Weak Reference
    _fp_trap_shutdown                         - Undefined Weak Reference
    _get_lc_collate                           - Undefined Weak Reference
    _get_lc_ctype                             - Undefined Weak Reference
    _get_lc_monetary                          - Undefined Weak Reference
    _get_lc_numeric                           - Undefined Weak Reference
    _get_lc_time                              - Undefined Weak Reference
    _getenv_init                              - Undefined Weak Reference
    _handle_redirection                       - Undefined Weak Reference
    _init_alloc                               - Undefined Weak Reference
    _init_user_alloc                          - Undefined Weak Reference
    _initio                                   - Undefined Weak Reference
    _rand_init                                - Undefined Weak Reference
    _signal_finish                            - Undefined Weak Reference
    _signal_init                              - Undefined Weak Reference
    _terminate_alloc                          - Undefined Weak Reference
    _terminate_user_alloc                     - Undefined Weak Reference
    _terminateio                              - Undefined Weak Reference
    __Vectors_Size                           0x00000188   Number         0  startup_stm32l476xx.o ABSOLUTE
    __Vectors                                0x08000000   Data           4  startup_stm32l476xx.o(RESET)
    __Vectors_End                            0x08000188   Data           0  startup_stm32l476xx.o(RESET)
    __main                                   0x08000189   Thumb Code     8  __main.o(!!!main)
    __scatterload                            0x08000191   Thumb Code     0  __scatter.o(!!!scatter)
    __scatterload_rt2                        0x08000191   Thumb Code    44  __scatter.o(!!!scatter)
    __scatterload_rt2_thumb_only             0x08000191   Thumb Code     0  __scatter.o(!!!scatter)
    __scatterload_null                       0x0800019f   Thumb Code     0  __scatter.o(!!!scatter)
    __scatterload_zeroinit                   0x080001c5   Thumb Code    28  __scatter_zi.o(!!handler_zi)
    __rt_lib_init                            0x080001e1   Thumb Code     0  libinit.o(.ARM.Collect$$libinit$$00000000)
    __rt_lib_init_fp_1                       0x080001e3   Thumb Code     0  libinit2.o(.ARM.Collect$$libinit$$00000001)
    __rt_lib_init_alloca_1                   0x080001e7   Thumb Code     0  libinit2.o(.ARM.Collect$$libinit$$0000002E)
    __rt_lib_init_argv_1                     0x080001e7   Thumb Code     0  libinit2.o(.ARM.Collect$$libinit$$0000002C)
    __rt_lib_init_atexit_1                   0x080001e7   Thumb Code     0  libinit2.o(.ARM.Collect$$libinit$$0000001B)
    __rt_lib_init_clock_1                    0x080001e7   Thumb Code     0  libinit2.o(.ARM.Collect$$libinit$$00000021)
    __rt_lib_init_cpp_1                      0x080001e7   Thumb Code     0  libinit2.o(.ARM.Collect$$libinit$$00000032)
    __rt_lib_init_exceptions_1               0x080001e7   Thumb Code     0  libinit2.o(.ARM.Collect$$libinit$$00000030)
    __rt_lib_init_fp_trap_1                  0x080001e7   Thumb Code     0  libinit2.o(.ARM.Collect$$libinit$$0000001F)
    __rt_lib_init_getenv_1                   0x080001e7   Thumb Code     0  libinit2.o(.ARM.Collect$$libinit$$00000023)
    __rt_lib_init_heap_1                     0x080001e7   Thumb Code     0  libinit2.o(.ARM.Collect$$libinit$$0000000A)
    __rt_lib_init_lc_collate_1               0x080001e7   Thumb Code     0  libinit2.o(.ARM.Collect$$libinit$$00000011)
    __rt_lib_init_lc_ctype_1                 0x080001e7   Thumb Code     0  libinit2.o(.ARM.Collect$$libinit$$00000013)
    __rt_lib_init_lc_monetary_1              0x080001e7   Thumb Code     0  libinit2.o(.ARM.Collect$$libinit$$00000015)
    __rt_lib_init_lc_numeric_1               0x080001e7   Thumb Code     0  libinit2.o(.ARM.Collect$$libinit$$00000017)
    __rt_lib_init_lc_time_1                  0x080001e7   Thumb Code     0  libinit2.o(.ARM.Collect$$libinit$$00000019)
    __rt_lib_init_preinit_1                  0x080001e7   Thumb Code     0  libinit2.o(.ARM.Collect$$libinit$$00000004)
    __rt_lib_init_rand_1                     0x080001e7   Thumb Code     0  libinit2.o(.ARM.Collect$$libinit$$0000000E)
    __rt_lib_init_return                     0x080001e7   Thumb Code     0  libinit2.o(.ARM.Collect$$libinit$$00000033)
    __rt_lib_init_signal_1                   0x080001e7   Thumb Code     0  libinit2.o(.ARM.Collect$$libinit$$0000001D)
    __rt_lib_init_stdio_1                    0x080001e7   Thumb Code     0  libinit2.o(.ARM.Collect$$libinit$$00000025)
    __rt_lib_init_user_alloc_1               0x080001e7   Thumb Code     0  libinit2.o(.ARM.Collect$$libinit$$0000000C)
    __rt_lib_shutdown                        0x080001e9   Thumb Code     0  libshutdown.o(.ARM.Collect$$libshutdown$$00000000)
    __rt_lib_shutdown_cpp_1                  0x080001eb   Thumb Code     0  libshutdown2.o(.ARM.Collect$$libshutdown$$00000002)
    __rt_lib_shutdown_fp_trap_1              0x080001eb   Thumb Code     0  libshutdown2.o(.ARM.Collect$$libshutdown$$00000007)
    __rt_lib_shutdown_heap_1                 0x080001eb   Thumb Code     0  libshutdown2.o(.ARM.Collect$$libshutdown$$0000000F)
    __rt_lib_shutdown_return                 0x080001eb   Thumb Code     0  libshutdown2.o(.ARM.Collect$$libshutdown$$00000010)
    __rt_lib_shutdown_signal_1               0x080001eb   Thumb Code     0  libshutdown2.o(.ARM.Collect$$libshutdown$$0000000A)
    __rt_lib_shutdown_stdio_1                0x080001eb   Thumb Code     0  libshutdown2.o(.ARM.Collect$$libshutdown$$00000004)
    __rt_lib_shutdown_user_alloc_1           0x080001eb   Thumb Code     0  libshutdown2.o(.ARM.Collect$$libshutdown$$0000000C)
    __rt_entry                               0x080001ed   Thumb Code     0  __rtentry.o(.ARM.Collect$$rtentry$$00000000)
    __rt_entry_presh_1                       0x080001ed   Thumb Code     0  __rtentry2.o(.ARM.Collect$$rtentry$$00000002)
    __rt_entry_sh                            0x080001ed   Thumb Code     0  __rtentry4.o(.ARM.Collect$$rtentry$$00000004)
    __rt_entry_li                            0x080001f3   Thumb Code     0  __rtentry2.o(.ARM.Collect$$rtentry$$0000000A)
    __rt_entry_postsh_1                      0x080001f3   Thumb Code     0  __rtentry2.o(.ARM.Collect$$rtentry$$00000009)
    __rt_entry_main                          0x080001f7   Thumb Code     0  __rtentry2.o(.ARM.Collect$$rtentry$$0000000D)
    __rt_entry_postli_1                      0x080001f7   Thumb Code     0  __rtentry2.o(.ARM.Collect$$rtentry$$0000000C)
    __rt_exit                                0x080001ff   Thumb Code     0  rtexit.o(.ARM.Collect$$rtexit$$00000000)
    __rt_exit_ls                             0x08000201   Thumb Code     0  rtexit2.o(.ARM.Collect$$rtexit$$00000003)
    __rt_exit_prels_1                        0x08000201   Thumb Code     0  rtexit2.o(.ARM.Collect$$rtexit$$00000002)
    __rt_exit_exit                           0x08000205   Thumb Code     0  rtexit2.o(.ARM.Collect$$rtexit$$00000004)
    Reset_Handler                            0x0800020d   Thumb Code     8  startup_stm32l476xx.o(.text)
    NMI_Handler                              0x08000215   Thumb Code     2  startup_stm32l476xx.o(.text)
    HardFault_Handler                        0x08000217   Thumb Code     2  startup_stm32l476xx.o(.text)
    MemManage_Handler                        0x08000219   Thumb Code     2  startup_stm32l476xx.o(.text)
    BusFault_Handler                         0x0800021b   Thumb Code     2  startup_stm32l476xx.o(.text)
    UsageFault_Handler                       0x0800021d   Thumb Code     2  startup_stm32l476xx.o(.text)
    SVC_Handler                              0x0800021f   Thumb Code     2  startup_stm32l476xx.o(.text)
    DebugMon_Handler                         0x08000221   Thumb Code     2  startup_stm32l476xx.o(.text)
    PendSV_Handler                           0x08000223   Thumb Code     2  startup_stm32l476xx.o(.text)
    ADC1_2_IRQHandler                        0x08000227   Thumb Code     0  startup_stm32l476xx.o(.text)
    ADC3_IRQHandler                          0x08000227   Thumb Code     0  startup_stm32l476xx.o(.text)
    CAN1_RX0_IRQHandler                      0x08000227   Thumb Code     0  startup_stm32l476xx.o(.text)
    CAN1_RX1_IRQHandler                      0x08000227   Thumb Code     0  startup_stm32l476xx.o(.text)
    CAN1_SCE_IRQHandler                      0x08000227   Thumb Code     0  startup_stm32l476xx.o(.text)
    CAN1_TX_IRQHandler                       0x08000227   Thumb Code     0  startup_stm32l476xx.o(.text)
    COMP_IRQHandler                          0x08000227   Thumb Code     0  startup_stm32l476xx.o(.text)
    DFSDM1_FLT0_IRQHandler                   0x08000227   Thumb Code     0  startup_stm32l476xx.o(.text)
    DFSDM1_FLT1_IRQHandler                   0x08000227   Thumb Code     0  startup_stm32l476xx.o(.text)
    DFSDM1_FLT2_IRQHandler                   0x08000227   Thumb Code     0  startup_stm32l476xx.o(.text)
    DFSDM1_FLT3_IRQHandler                   0x08000227   Thumb Code     0  startup_stm32l476xx.o(.text)
    DMA1_Channel1_IRQHandler                 0x08000227   Thumb Code     0  startup_stm32l476xx.o(.text)
    DMA1_Channel2_IRQHandler                 0x08000227   Thumb Code     0  startup_stm32l476xx.o(.text)
    DMA1_Channel3_IRQHandler                 0x08000227   Thumb Code     0  startup_stm32l476xx.o(.text)
    DMA1_Channel4_IRQHandler                 0x08000227   Thumb Code     0  startup_stm32l476xx.o(.text)
    DMA1_Channel5_IRQHandler                 0x08000227   Thumb Code     0  startup_stm32l476xx.o(.text)
    DMA1_Channel6_IRQHandler                 0x08000227   Thumb Code     0  startup_stm32l476xx.o(.text)
    DMA1_Channel7_IRQHandler                 0x08000227   Thumb Code     0  startup_stm32l476xx.o(.text)
    DMA2_Channel1_IRQHandler                 0x08000227   Thumb Code     0  startup_stm32l476xx.o(.text)
    DMA2_Channel2_IRQHandler                 0x08000227   Thumb Code     0  startup_stm32l476xx.o(.text)
    DMA2_Channel3_IRQHandler                 0x08000227   Thumb Code     0  startup_stm32l476xx.o(.text)
    DMA2_Channel4_IRQHandler                 0x08000227   Thumb Code     0  startup_stm32l476xx.o(.text)
    DMA2_Channel5_IRQHandler                 0x08000227   Thumb Code     0  startup_stm32l476xx.o(.text)
    DMA2_Channel6_IRQHandler                 0x08000227   Thumb Code     0  startup_stm32l476xx.o(.text)
    DMA2_Channel7_IRQHandler                 0x08000227   Thumb Code     0  startup_stm32l476xx.o(.text)
    EXTI0_IRQHandler                         0x08000227   Thumb Code     0  startup_stm32l476xx.o(.text)
    EXTI15_10_IRQHandler                     0x08000227   Thumb Code     0  startup_stm32l476xx.o(.text)
    EXTI1_IRQHandler                         0x08000227   Thumb Code     0  startup_stm32l476xx.o(.text)
    EXTI2_IRQHandler                         0x08000227   Thumb Code     0  startup_stm32l476xx.o(.text)
    EXTI3_IRQHandler                         0x08000227   Thumb Code     0  startup_stm32l476xx.o(.text)
    EXTI4_IRQHandler                         0x08000227   Thumb Code     0  startup_stm32l476xx.o(.text)
    EXTI9_5_IRQHandler                       0x08000227   Thumb Code     0  startup_stm32l476xx.o(.text)
    FLASH_IRQHandler                         0x08000227   Thumb Code     0  startup_stm32l476xx.o(.text)
    FMC_IRQHandler                           0x08000227   Thumb Code     0  startup_stm32l476xx.o(.text)
    FPU_IRQHandler                           0x08000227   Thumb Code     0  startup_stm32l476xx.o(.text)
    I2C1_ER_IRQHandler                       0x08000227   Thumb Code     0  startup_stm32l476xx.o(.text)
    I2C1_EV_IRQHandler                       0x08000227   Thumb Code     0  startup_stm32l476xx.o(.text)
    I2C2_ER_IRQHandler                       0x08000227   Thumb Code     0  startup_stm32l476xx.o(.text)
    I2C2_EV_IRQHandler                       0x08000227   Thumb Code     0  startup_stm32l476xx.o(.text)
    I2C3_ER_IRQHandler                       0x08000227   Thumb Code     0  startup_stm32l476xx.o(.text)
    I2C3_EV_IRQHandler                       0x08000227   Thumb Code     0  startup_stm32l476xx.o(.text)
    LCD_IRQHandler                           0x08000227   Thumb Code     0  startup_stm32l476xx.o(.text)
    LPTIM1_IRQHandler                        0x08000227   Thumb Code     0  startup_stm32l476xx.o(.text)
    LPTIM2_IRQHandler                        0x08000227   Thumb Code     0  startup_stm32l476xx.o(.text)
    LPUART1_IRQHandler                       0x08000227   Thumb Code     0  startup_stm32l476xx.o(.text)
    OTG_FS_IRQHandler                        0x08000227   Thumb Code     0  startup_stm32l476xx.o(.text)
    PVD_PVM_IRQHandler                       0x08000227   Thumb Code     0  startup_stm32l476xx.o(.text)
    QUADSPI_IRQHandler                       0x08000227   Thumb Code     0  startup_stm32l476xx.o(.text)
    RCC_IRQHandler                           0x08000227   Thumb Code     0  startup_stm32l476xx.o(.text)
    RNG_IRQHandler                           0x08000227   Thumb Code     0  startup_stm32l476xx.o(.text)
    RTC_Alarm_IRQHandler                     0x08000227   Thumb Code     0  startup_stm32l476xx.o(.text)
    RTC_WKUP_IRQHandler                      0x08000227   Thumb Code     0  startup_stm32l476xx.o(.text)
    SAI1_IRQHandler                          0x08000227   Thumb Code     0  startup_stm32l476xx.o(.text)
    SAI2_IRQHandler                          0x08000227   Thumb Code     0  startup_stm32l476xx.o(.text)
    SDMMC1_IRQHandler                        0x08000227   Thumb Code     0  startup_stm32l476xx.o(.text)
    SPI1_IRQHandler                          0x08000227   Thumb Code     0  startup_stm32l476xx.o(.text)
    SPI2_IRQHandler                          0x08000227   Thumb Code     0  startup_stm32l476xx.o(.text)
    SPI3_IRQHandler                          0x08000227   Thumb Code     0  startup_stm32l476xx.o(.text)
    SWPMI1_IRQHandler                        0x08000227   Thumb Code     0  startup_stm32l476xx.o(.text)
    TAMP_STAMP_IRQHandler                    0x08000227   Thumb Code     0  startup_stm32l476xx.o(.text)
    TIM1_BRK_TIM15_IRQHandler                0x08000227   Thumb Code     0  startup_stm32l476xx.o(.text)
    TIM1_CC_IRQHandler                       0x08000227   Thumb Code     0  startup_stm32l476xx.o(.text)
    TIM1_TRG_COM_TIM17_IRQHandler            0x08000227   Thumb Code     0  startup_stm32l476xx.o(.text)
    TIM1_UP_TIM16_IRQHandler                 0x08000227   Thumb Code     0  startup_stm32l476xx.o(.text)
    TIM2_IRQHandler                          0x08000227   Thumb Code     0  startup_stm32l476xx.o(.text)
    TIM3_IRQHandler                          0x08000227   Thumb Code     0  startup_stm32l476xx.o(.text)
    TIM4_IRQHandler                          0x08000227   Thumb Code     0  startup_stm32l476xx.o(.text)
    TIM5_IRQHandler                          0x08000227   Thumb Code     0  startup_stm32l476xx.o(.text)
    TIM6_DAC_IRQHandler                      0x08000227   Thumb Code     0  startup_stm32l476xx.o(.text)
    TIM7_IRQHandler                          0x08000227   Thumb Code     0  startup_stm32l476xx.o(.text)
    TIM8_BRK_IRQHandler                      0x08000227   Thumb Code     0  startup_stm32l476xx.o(.text)
    TIM8_CC_IRQHandler                       0x08000227   Thumb Code     0  startup_stm32l476xx.o(.text)
    TIM8_TRG_COM_IRQHandler                  0x08000227   Thumb Code     0  startup_stm32l476xx.o(.text)
    TIM8_UP_IRQHandler                       0x08000227   Thumb Code     0  startup_stm32l476xx.o(.text)
    TSC_IRQHandler                           0x08000227   Thumb Code     0  startup_stm32l476xx.o(.text)
    UART4_IRQHandler                         0x08000227   Thumb Code     0  startup_stm32l476xx.o(.text)
    UART5_IRQHandler                         0x08000227   Thumb Code     0  startup_stm32l476xx.o(.text)
    USART1_IRQHandler                        0x08000227   Thumb Code     0  startup_stm32l476xx.o(.text)
    USART2_IRQHandler                        0x08000227   Thumb Code     0  startup_stm32l476xx.o(.text)
    USART3_IRQHandler                        0x08000227   Thumb Code     0  startup_stm32l476xx.o(.text)
    WWDG_IRQHandler                          0x08000227   Thumb Code     0  startup_stm32l476xx.o(.text)
    __user_initial_stackheap                 0x08000229   Thumb Code     0  startup_stm32l476xx.o(.text)
    strlen                                   0x0800024d   Thumb Code    62  strlen.o(.text)
    __use_two_region_memory                  0x0800028b   Thumb Code     2  heapauxi.o(.text)
    __rt_heap_escrow$2region                 0x0800028d   Thumb Code     2  heapauxi.o(.text)
    __rt_heap_expand$2region                 0x0800028f   Thumb Code     2  heapauxi.o(.text)
    __user_setup_stackheap                   0x08000291   Thumb Code    74  sys_stackheap_outer.o(.text)
    exit                                     0x080002db   Thumb Code    18  exit.o(.text)
    __user_libspace                          0x080002ed   Thumb Code     8  libspace.o(.text)
    __user_perproc_libspace                  0x080002ed   Thumb Code     0  libspace.o(.text)
    __user_perthread_libspace                0x080002ed   Thumb Code     0  libspace.o(.text)
    _sys_exit                                0x080002f5   Thumb Code     8  sys_exit.o(.text)
    __I$use$semihosting                      0x08000301   Thumb Code     0  use_no_semi.o(.text)
    __use_no_semihosting_swi                 0x08000301   Thumb Code     2  use_no_semi.o(.text)
    __semihosting_library_function           0x08000303   Thumb Code     0  indicate_semi.o(.text)
    SysTick_Handler                          0x08000305   Thumb Code    16  main.o(.text.SysTick_Handler)
    SystemInit                               0x08000315   Thumb Code    68  system_stm32l4xx.o(.text.SystemInit)
    abs16                                    0x08000359   Thumb Code    12  main.o(.text.abs16)
    delay_ms                                 0x08000365   Thumb Code    42  main.o(.text.delay_ms)
    gpio_af                                  0x08000391   Thumb Code    86  main.o(.text.gpio_af)
    gpio_high                                0x080003e9   Thumb Code    10  main.o(.text.gpio_high)
    gpio_low                                 0x080003f5   Thumb Code    12  main.o(.text.gpio_low)
    gpio_mode                                0x08000401   Thumb Code    96  main.o(.text.gpio_mode)
    gpio_read                                0x08000461   Thumb Code    10  main.o(.text.gpio_read)
    gpio_set                                 0x0800046d   Thumb Code    16  main.o(.text.gpio_set)
    init_clocks                              0x0800047d   Thumb Code   214  main.o(.text.init_clocks)
    init_gpio                                0x08000555   Thumb Code   228  main.o(.text.init_gpio)
    init_lpuart                              0x08000639   Thumb Code    64  main.o(.text.init_lpuart)
    init_nvic                                0x08000679   Thumb Code    44  main.o(.text.init_nvic)
    init_softi2c                             0x080006a5   Thumb Code    96  main.o(.text.init_softi2c)
    init_spi_master                          0x08000705   Thumb Code   116  main.o(.text.init_spi_master)
    main                                     0x080007d9   Thumb Code   496  main.o(.text.main)
    nop                                      0x08000a3d   Thumb Code    16  main.o(.text.nop)
    op2_core_init                            0x08000a4d   Thumb Code    16  main.o(.text.op2_core_init)
    op2_imu_acel_ctrl                        0x08000a5d   Thumb Code    34  main.o(.text.op2_imu_acel_ctrl)
    op2_imu_gyro_ctrl                        0x08000a81   Thumb Code    18  main.o(.text.op2_imu_gyro_ctrl)
    op2_imu_init                             0x08000a95   Thumb Code   110  main.o(.text.op2_imu_init)
    op2_imu_read8                            0x08000b05   Thumb Code   100  main.o(.text.op2_imu_read8)
    op2_imu_read8x2                          0x08000b69   Thumb Code   124  main.o(.text.op2_imu_read8x2)
    op2_imu_read_acel_x                      0x08000be5   Thumb Code    10  main.o(.text.op2_imu_read_acel_x)
    op2_imu_read_acel_y                      0x08000bf1   Thumb Code    10  main.o(.text.op2_imu_read_acel_y)
    op2_imu_read_acel_z                      0x08000bfd   Thumb Code    10  main.o(.text.op2_imu_read_acel_z)
    op2_imu_read_gyro_x                      0x08000c09   Thumb Code    10  main.o(.text.op2_imu_read_gyro_x)
    op2_imu_read_gyro_y                      0x08000c15   Thumb Code    10  main.o(.text.op2_imu_read_gyro_y)
    op2_imu_read_gyro_z                      0x08000c21   Thumb Code    10  main.o(.text.op2_imu_read_gyro_z)
    op2_imu_read_whoami                      0x08000c2d   Thumb Code    12  main.o(.text.op2_imu_read_whoami)
    op2_imu_write8                           0x08000c39   Thumb Code   100  main.o(.text.op2_imu_write8)
    op2_mag_ctrl                             0x08000c9d   Thumb Code    66  main.o(.text.op2_mag_ctrl)
    op2_mag_init                             0x08000ce1   Thumb Code   126  main.o(.text.op2_mag_init)
    op2_printint16                           0x08000d61   Thumb Code    48  main.o(.text.op2_printint16)
    op2_printnewline                         0x08000d91   Thumb Code    28  main.o(.text.op2_printnewline)
    op2_printstr                             0x08000dad   Thumb Code    46  main.o(.text.op2_printstr)
    op2_printuint32                          0x08000ddd   Thumb Code    20  main.o(.text.op2_printuint32)
    op2_sci_uart_init                        0x08000df1   Thumb Code    46  main.o(.text.op2_sci_uart_init)
    softi2c_delay                            0x08000e51   Thumb Code    10  main.o(.text.softi2c_delay)
    softi2c_line_mode                        0x08000e5d   Thumb Code    42  main.o(.text.softi2c_line_mode)
    softi2c_read_nack                        0x08000e89   Thumb Code    70  main.o(.text.softi2c_read_nack)
    softi2c_send8                            0x08000ed1   Thumb Code    84  main.o(.text.softi2c_send8)
    softi2c_sig_start                        0x08000f25   Thumb Code    72  main.o(.text.softi2c_sig_start)
    softi2c_sig_stop                         0x08000f6d   Thumb Code    72  main.o(.text.softi2c_sig_stop)
    softi2c_write_reg                        0x08000fb5   Thumb Code   140  main.o(.text.softi2c_write_reg)
    spi_block_while_busy                     0x08001041   Thumb Code    18  main.o(.text.spi_block_while_busy)
    spi_rx8                                  0x08001055   Thumb Code     6  main.o(.text.spi_rx8)
    spi_tx8                                  0x0800105d   Thumb Code    30  main.o(.text.spi_tx8)
    spi_tx8x2                                0x0800107d   Thumb Code    42  main.o(.text.spi_tx8x2)
    uart_tx_char                             0x080010a9   Thumb Code    20  main.o(.text.uart_tx_char)
    _fp_init                                 0x080010bd   Thumb Code    26  fpinit.o(x$fpl$fpinit)
    __fplib_config_fpu_vfp                   0x080010d5   Thumb Code     0  fpinit.o(x$fpl$fpinit)
    __fplib_config_pureend_doubles           0x080010d5   Thumb Code     0  fpinit.o(x$fpl$fpinit)
    Region$$Table$$Base                      0x080010dc   Number         0  anon$$obj.o(Region$$Table)
    Region$$Table$$Limit                     0x080010ec   Number         0  anon$$obj.o(Region$$Table)
    __libspace_start                         0x20000000   Data          96  libspace.o(.bss)
    __temporary_stack_top$libspace           0x20000060   Data           0  libspace.o(.bss)
    core_MHz                                 0x20000060   Data           4  main.o(.bss.core_MHz)
    systick_time                             0x20000064   Data           4  main.o(.bss.systick_time)
    textbuf                                  0x20000068   Data         255  main.o(.bss.textbuf)



==============================================================================

Memory Map of the image

  Image Entry point : 0x08000189

  Load Region LR_IROM1 (Base: 0x08000000, Size: 0x000010ec, Max: 0x00100000, ABSOLUTE)

    Execution Region ER_IROM1 (Exec base: 0x08000000, Load base: 0x08000000, Size: 0x000010ec, Max: 0x00100000, ABSOLUTE)

    Exec Addr    Load Addr    Size         Type   Attr      Idx    E Section Name        Object

    0x08000000   0x08000000   0x00000188   Data   RO          156    RESET               startup_stm32l476xx.o
    0x08000188   0x08000188   0x00000008   Code   RO          185  * !!!main             c_w.l(__main.o)
    0x08000190   0x08000190   0x00000034   Code   RO          348    !!!scatter          c_w.l(__scatter.o)
    0x080001c4   0x080001c4   0x0000001c   Code   RO          350    !!handler_zi        c_w.l(__scatter_zi.o)
    0x080001e0   0x080001e0   0x00000002   Code   RO          212    .ARM.Collect$$libinit$$00000000  c_w.l(libinit.o)
    0x080001e2   0x080001e2   0x00000004   Code   RO          218    .ARM.Collect$$libinit$$00000001  c_w.l(libinit2.o)
    0x080001e6   0x080001e6   0x00000000   Code   RO          221    .ARM.Collect$$libinit$$00000004  c_w.l(libinit2.o)
    0x080001e6   0x080001e6   0x00000000   Code   RO          224    .ARM.Collect$$libinit$$0000000A  c_w.l(libinit2.o)
    0x080001e6   0x080001e6   0x00000000   Code   RO          226    .ARM.Collect$$libinit$$0000000C  c_w.l(libinit2.o)
    0x080001e6   0x080001e6   0x00000000   Code   RO          228    .ARM.Collect$$libinit$$0000000E  c_w.l(libinit2.o)
    0x080001e6   0x080001e6   0x00000000   Code   RO          231    .ARM.Collect$$libinit$$00000011  c_w.l(libinit2.o)
    0x080001e6   0x080001e6   0x00000000   Code   RO          233    .ARM.Collect$$libinit$$00000013  c_w.l(libinit2.o)
    0x080001e6   0x080001e6   0x00000000   Code   RO          235    .ARM.Collect$$libinit$$00000015  c_w.l(libinit2.o)
    0x080001e6   0x080001e6   0x00000000   Code   RO          237    .ARM.Collect$$libinit$$00000017  c_w.l(libinit2.o)
    0x080001e6   0x080001e6   0x00000000   Code   RO          239    .ARM.Collect$$libinit$$00000019  c_w.l(libinit2.o)
    0x080001e6   0x080001e6   0x00000000   Code   RO          241    .ARM.Collect$$libinit$$0000001B  c_w.l(libinit2.o)
    0x080001e6   0x080001e6   0x00000000   Code   RO          243    .ARM.Collect$$libinit$$0000001D  c_w.l(libinit2.o)
    0x080001e6   0x080001e6   0x00000000   Code   RO          245    .ARM.Collect$$libinit$$0000001F  c_w.l(libinit2.o)
    0x080001e6   0x080001e6   0x00000000   Code   RO          247    .ARM.Collect$$libinit$$00000021  c_w.l(libinit2.o)
    0x080001e6   0x080001e6   0x00000000   Code   RO          249    .ARM.Collect$$libinit$$00000023  c_w.l(libinit2.o)
    0x080001e6   0x080001e6   0x00000000   Code   RO          251    .ARM.Collect$$libinit$$00000025  c_w.l(libinit2.o)
    0x080001e6   0x080001e6   0x00000000   Code   RO          255    .ARM.Collect$$libinit$$0000002C  c_w.l(libinit2.o)
    0x080001e6   0x080001e6   0x00000000   Code   RO          257    .ARM.Collect$$libinit$$0000002E  c_w.l(libinit2.o)
    0x080001e6   0x080001e6   0x00000000   Code   RO          259    .ARM.Collect$$libinit$$00000030  c_w.l(libinit2.o)
    0x080001e6   0x080001e6   0x00000000   Code   RO          261    .ARM.Collect$$libinit$$00000032  c_w.l(libinit2.o)
    0x080001e6   0x080001e6   0x00000002   Code   RO          262    .ARM.Collect$$libinit$$00000033  c_w.l(libinit2.o)
    0x080001e8   0x080001e8   0x00000002   Code   RO          284    .ARM.Collect$$libshutdown$$00000000  c_w.l(libshutdown.o)
    0x080001ea   0x080001ea   0x00000000   Code   RO          299    .ARM.Collect$$libshutdown$$00000002  c_w.l(libshutdown2.o)
    0x080001ea   0x080001ea   0x00000000   Code   RO          301    .ARM.Collect$$libshutdown$$00000004  c_w.l(libshutdown2.o)
    0x080001ea   0x080001ea   0x00000000   Code   RO          304    .ARM.Collect$$libshutdown$$00000007  c_w.l(libshutdown2.o)
    0x080001ea   0x080001ea   0x00000000   Code   RO          307    .ARM.Collect$$libshutdown$$0000000A  c_w.l(libshutdown2.o)
    0x080001ea   0x080001ea   0x00000000   Code   RO          309    .ARM.Collect$$libshutdown$$0000000C  c_w.l(libshutdown2.o)
    0x080001ea   0x080001ea   0x00000000   Code   RO          312    .ARM.Collect$$libshutdown$$0000000F  c_w.l(libshutdown2.o)
    0x080001ea   0x080001ea   0x00000002   Code   RO          313    .ARM.Collect$$libshutdown$$00000010  c_w.l(libshutdown2.o)
    0x080001ec   0x080001ec   0x00000000   Code   RO          187    .ARM.Collect$$rtentry$$00000000  c_w.l(__rtentry.o)
    0x080001ec   0x080001ec   0x00000000   Code   RO          189    .ARM.Collect$$rtentry$$00000002  c_w.l(__rtentry2.o)
    0x080001ec   0x080001ec   0x00000006   Code   RO          201    .ARM.Collect$$rtentry$$00000004  c_w.l(__rtentry4.o)
    0x080001f2   0x080001f2   0x00000000   Code   RO          191    .ARM.Collect$$rtentry$$00000009  c_w.l(__rtentry2.o)
    0x080001f2   0x080001f2   0x00000004   Code   RO          192    .ARM.Collect$$rtentry$$0000000A  c_w.l(__rtentry2.o)
    0x080001f6   0x080001f6   0x00000000   Code   RO          194    .ARM.Collect$$rtentry$$0000000C  c_w.l(__rtentry2.o)
    0x080001f6   0x080001f6   0x00000008   Code   RO          195    .ARM.Collect$$rtentry$$0000000D  c_w.l(__rtentry2.o)
    0x080001fe   0x080001fe   0x00000002   Code   RO          216    .ARM.Collect$$rtexit$$00000000  c_w.l(rtexit.o)
    0x08000200   0x08000200   0x00000000   Code   RO          264    .ARM.Collect$$rtexit$$00000002  c_w.l(rtexit2.o)
    0x08000200   0x08000200   0x00000004   Code   RO          265    .ARM.Collect$$rtexit$$00000003  c_w.l(rtexit2.o)
    0x08000204   0x08000204   0x00000006   Code   RO          266    .ARM.Collect$$rtexit$$00000004  c_w.l(rtexit2.o)
    0x0800020a   0x0800020a   0x00000002   PAD
    0x0800020c   0x0800020c   0x00000040   Code   RO          157    .text               startup_stm32l476xx.o
    0x0800024c   0x0800024c   0x0000003e   Code   RO          181    .text               c_w.l(strlen.o)
    0x0800028a   0x0800028a   0x00000006   Code   RO          183    .text               c_w.l(heapauxi.o)
    0x08000290   0x08000290   0x0000004a   Code   RO          203    .text               c_w.l(sys_stackheap_outer.o)
    0x080002da   0x080002da   0x00000012   Code   RO          205    .text               c_w.l(exit.o)
    0x080002ec   0x080002ec   0x00000008   Code   RO          213    .text               c_w.l(libspace.o)
    0x080002f4   0x080002f4   0x0000000c   Code   RO          274    .text               c_w.l(sys_exit.o)
    0x08000300   0x08000300   0x00000002   Code   RO          289    .text               c_w.l(use_no_semi.o)
    0x08000302   0x08000302   0x00000000   Code   RO          291    .text               c_w.l(indicate_semi.o)
    0x08000302   0x08000302   0x00000002   PAD
    0x08000304   0x08000304   0x00000010   Code   RO           24    .text.SysTick_Handler  main.o
    0x08000314   0x08000314   0x00000044   Code   RO          164    .text.SystemInit    system_stm32l4xx.o
    0x08000358   0x08000358   0x0000000c   Code   RO            2    .text.abs16         main.o
    0x08000364   0x08000364   0x0000002a   Code   RO           26    .text.delay_ms      main.o
    0x0800038e   0x0800038e   0x00000002   PAD
    0x08000390   0x08000390   0x00000056   Code   RO           20    .text.gpio_af       main.o
    0x080003e6   0x080003e6   0x00000002   PAD
    0x080003e8   0x080003e8   0x0000000a   Code   RO           10    .text.gpio_high     main.o
    0x080003f2   0x080003f2   0x00000002   PAD
    0x080003f4   0x080003f4   0x0000000c   Code   RO           12    .text.gpio_low      main.o
    0x08000400   0x08000400   0x00000060   Code   RO           18    .text.gpio_mode     main.o
    0x08000460   0x08000460   0x0000000a   Code   RO           16    .text.gpio_read     main.o
    0x0800046a   0x0800046a   0x00000002   PAD
    0x0800046c   0x0800046c   0x00000010   Code   RO           14    .text.gpio_set      main.o
    0x0800047c   0x0800047c   0x000000d6   Code   RO            8    .text.init_clocks   main.o
    0x08000552   0x08000552   0x00000002   PAD
    0x08000554   0x08000554   0x000000e4   Code   RO           22    .text.init_gpio     main.o
    0x08000638   0x08000638   0x00000040   Code   RO           30    .text.init_lpuart   main.o
    0x08000678   0x08000678   0x0000002c   Code   RO           28    .text.init_nvic     main.o
    0x080006a4   0x080006a4   0x00000060   Code   RO           56    .text.init_softi2c  main.o
    0x08000704   0x08000704   0x0000007a   Code   RO           40    .text.init_spi_master  main.o
    0x0800077e   0x0800077e   0x00000002   PAD
    0x08000780   0x08000780   0x00000056   Code   RO          130    .text.itoa          main.o
    0x080007d6   0x080007d6   0x00000002   PAD
    0x080007d8   0x080007d8   0x00000264   Code   RO          138    .text.main          main.o
    0x08000a3c   0x08000a3c   0x00000010   Code   RO            4    .text.nop           main.o
    0x08000a4c   0x08000a4c   0x00000010   Code   RO          136    .text.op2_core_init  main.o
    0x08000a5c   0x08000a5c   0x00000022   Code   RO           90    .text.op2_imu_acel_ctrl  main.o
    0x08000a7e   0x08000a7e   0x00000002   PAD
    0x08000a80   0x08000a80   0x00000012   Code   RO           92    .text.op2_imu_gyro_ctrl  main.o
    0x08000a92   0x08000a92   0x00000002   PAD
    0x08000a94   0x08000a94   0x0000006e   Code   RO           94    .text.op2_imu_init  main.o
    0x08000b02   0x08000b02   0x00000002   PAD
    0x08000b04   0x08000b04   0x00000064   Code   RO           86    .text.op2_imu_read8  main.o
    0x08000b68   0x08000b68   0x0000007c   Code   RO           88    .text.op2_imu_read8x2  main.o
    0x08000be4   0x08000be4   0x0000000a   Code   RO           98    .text.op2_imu_read_acel_x  main.o
    0x08000bee   0x08000bee   0x00000002   PAD
    0x08000bf0   0x08000bf0   0x0000000a   Code   RO          100    .text.op2_imu_read_acel_y  main.o
    0x08000bfa   0x08000bfa   0x00000002   PAD
    0x08000bfc   0x08000bfc   0x0000000a   Code   RO          102    .text.op2_imu_read_acel_z  main.o
    0x08000c06   0x08000c06   0x00000002   PAD
    0x08000c08   0x08000c08   0x0000000a   Code   RO          104    .text.op2_imu_read_gyro_x  main.o
    0x08000c12   0x08000c12   0x00000002   PAD
    0x08000c14   0x08000c14   0x0000000a   Code   RO          106    .text.op2_imu_read_gyro_y  main.o
    0x08000c1e   0x08000c1e   0x00000002   PAD
    0x08000c20   0x08000c20   0x0000000a   Code   RO          108    .text.op2_imu_read_gyro_z  main.o
    0x08000c2a   0x08000c2a   0x00000002   PAD
    0x08000c2c   0x08000c2c   0x0000000c   Code   RO           96    .text.op2_imu_read_whoami  main.o
    0x08000c38   0x08000c38   0x00000064   Code   RO           84    .text.op2_imu_write8  main.o
    0x08000c9c   0x08000c9c   0x00000042   Code   RO          112    .text.op2_mag_ctrl  main.o
    0x08000cde   0x08000cde   0x00000002   PAD
    0x08000ce0   0x08000ce0   0x0000007e   Code   RO          114    .text.op2_mag_init  main.o
    0x08000d5e   0x08000d5e   0x00000002   PAD
    0x08000d60   0x08000d60   0x00000030   Code   RO          128    .text.op2_printint16  main.o
    0x08000d90   0x08000d90   0x0000001c   Code   RO          134    .text.op2_printnewline  main.o
    0x08000dac   0x08000dac   0x0000002e   Code   RO          126    .text.op2_printstr  main.o
    0x08000dda   0x08000dda   0x00000002   PAD
    0x08000ddc   0x08000ddc   0x00000014   Code   RO          132    .text.op2_printuint32  main.o
    0x08000df0   0x08000df0   0x0000002e   Code   RO          124    .text.op2_sci_uart_init  main.o
    0x08000e1e   0x08000e1e   0x00000002   PAD
    0x08000e20   0x08000e20   0x0000002e   Code   RO          140    .text.reverse       main.o
    0x08000e4e   0x08000e4e   0x00000002   PAD
    0x08000e50   0x08000e50   0x0000000a   Code   RO           58    .text.softi2c_delay  main.o
    0x08000e5a   0x08000e5a   0x00000002   PAD
    0x08000e5c   0x08000e5c   0x0000002a   Code   RO           54    .text.softi2c_line_mode  main.o
    0x08000e86   0x08000e86   0x00000002   PAD
    0x08000e88   0x08000e88   0x00000046   Code   RO           72    .text.softi2c_read_nack  main.o
    0x08000ece   0x08000ece   0x00000002   PAD
    0x08000ed0   0x08000ed0   0x00000054   Code   RO           66    .text.softi2c_send8  main.o
    0x08000f24   0x08000f24   0x00000048   Code   RO           60    .text.softi2c_sig_start  main.o
    0x08000f6c   0x08000f6c   0x00000048   Code   RO           64    .text.softi2c_sig_stop  main.o
    0x08000fb4   0x08000fb4   0x0000008c   Code   RO           74    .text.softi2c_write_reg  main.o
    0x08001040   0x08001040   0x00000012   Code   RO           42    .text.spi_block_while_busy  main.o
    0x08001052   0x08001052   0x00000002   PAD
    0x08001054   0x08001054   0x00000006   Code   RO           46    .text.spi_rx8       main.o
    0x0800105a   0x0800105a   0x00000002   PAD
    0x0800105c   0x0800105c   0x0000001e   Code   RO           44    .text.spi_tx8       main.o
    0x0800107a   0x0800107a   0x00000002   PAD
    0x0800107c   0x0800107c   0x0000002a   Code   RO           48    .text.spi_tx8x2     main.o
    0x080010a6   0x080010a6   0x00000002   PAD
    0x080010a8   0x080010a8   0x00000014   Code   RO           32    .text.uart_tx_char  main.o
    0x080010bc   0x080010bc   0x0000001a   Code   RO          272    x$fpl$fpinit        fz_wm.l(fpinit.o)
    0x080010d6   0x080010d6   0x00000005   Data   RO          145    .rodata.str1.1      main.o
    0x080010db   0x080010db   0x00000001   PAD
    0x080010dc   0x080010dc   0x00000010   Data   RO          347    Region$$Table       anon$$obj.o


    Execution Region RW_IRAM1 (Exec base: 0x20000000, Load base: 0x080010ec, Size: 0x00000768, Max: 0x00018000, ABSOLUTE)

    Exec Addr    Load Addr    Size         Type   Attr      Idx    E Section Name        Object

    0x20000000        -       0x00000060   Zero   RW          214    .bss                c_w.l(libspace.o)
    0x20000060        -       0x00000004   Zero   RW          142    .bss.core_MHz       main.o
    0x20000064        -       0x00000004   Zero   RW          143    .bss.systick_time   main.o
    0x20000068        -       0x000000ff   Zero   RW          144    .bss.textbuf        main.o
    0x20000167   0x080010ec   0x00000001   PAD
    0x20000168        -       0x00000200   Zero   RW          155    HEAP                startup_stm32l476xx.o
    0x20000368        -       0x00000400   Zero   RW          154    STACK               startup_stm32l476xx.o


==============================================================================

Image component sizes


      Code (inc. data)   RO Data    RW Data    ZI Data      Debug   Object Name

      3388        116          5          0        263      23843   main.o
        64         26        392          0       1536        924   startup_stm32l476xx.o
        68          0          0          0          0       3106   system_stm32l4xx.o

    ----------------------------------------------------------------------
      3576        142        414          0       1800      27873   Object Totals
         0          0         16          0          0          0   (incl. Generated)
        56          0          1          0          1          0   (incl. Padding)

    ----------------------------------------------------------------------

      Code (inc. data)   RO Data    RW Data    ZI Data      Debug   Library Member Name

         8          0          0          0          0         68   __main.o
         0          0          0          0          0          0   __rtentry.o
        12          0          0          0          0          0   __rtentry2.o
         6          0          0          0          0          0   __rtentry4.o
        52          8          0          0          0          0   __scatter.o
        28          0          0          0          0          0   __scatter_zi.o
        18          0          0          0          0         80   exit.o
         6          0          0          0          0        152   heapauxi.o
         0          0          0          0          0          0   indicate_semi.o
         2          0          0          0          0          0   libinit.o
         6          0          0          0          0          0   libinit2.o
         2          0          0          0          0          0   libshutdown.o
         2          0          0          0          0          0   libshutdown2.o
         8          4          0          0         96         68   libspace.o
         2          0          0          0          0          0   rtexit.o
        10          0          0          0          0          0   rtexit2.o
        62          0          0          0          0         76   strlen.o
        12          4          0          0          0         68   sys_exit.o
        74          0          0          0          0         80   sys_stackheap_outer.o
         2          0          0          0          0         68   use_no_semi.o
        26          0          0          0          0        116   fpinit.o

    ----------------------------------------------------------------------
       342         16          0          0         96        776   Library Totals
         4          0          0          0          0          0   (incl. Padding)

    ----------------------------------------------------------------------

      Code (inc. data)   RO Data    RW Data    ZI Data      Debug   Library Name

       312         16          0          0         96        660   c_w.l
        26          0          0          0          0        116   fz_wm.l

    ----------------------------------------------------------------------
       342         16          0          0         96        776   Library Totals

    ----------------------------------------------------------------------

==============================================================================


      Code (inc. data)   RO Data    RW Data    ZI Data      Debug   

      3918        158        414          0       1896      28357   Grand Totals
      3918        158        414          0       1896      28357   ELF Image Totals
      3918        158        414          0          0          0   ROM Totals

==============================================================================

    Total RO  Size (Code + RO Data)                 4332 (   4.23kB)
    Total RW  Size (RW Data + ZI Data)              1896 (   1.85kB)
    Total ROM Size (Code + RO Data + RW Data)       4332 (   4.23kB)

==============================================================================

